Microchip MPLAB XC8 Compiler V2.45

Linker command line:

-W-3 \
  --edf=C:\Program Files\Microchip\xc8\v2.45\pic\dat\20230818022343_en.msgs \
  -cn -h+dist/default/production\TP2MI.X.production.sym \
  --cmf=dist/default/production\TP2MI.X.production.cmf -z -Q18F25K80 \
  -oC:\Users\e6220706\AppData\Local\Temp\xcAs230.\driver_tmp_3.o \
  --defsym=__MPLAB_BUILD=1 --fixupoverflow=error \
  -Mdist/default/production/TP2MI.X.production.map \
  --md=C:\Users\e6220706\AppData\Local\Temp\xcAs230.\driver_tmp_0.dat -E1 \
  -ver=XC8 Compiler --acfsm=1493 -ACODE=00h-07FFFh -ACONST=00h-07FFFh \
  -ASMALLCONST=0F00h-0FFFhx113 -AMEDIUMCONST=0F00h-07FFFh -ACOMRAM=01h-05Fh \
  -AABS1=00h-0E40h -ABIGRAM=01h-0E40h \
  -ARAM=060h-0FFh,0100h-01FFhx13,0E00h-0E40h -ABANK0=060h-0FFh \
  -ABANK1=0100h-01FFh -ABANK2=0200h-02FFh -ABANK3=0300h-03FFh \
  -ABANK4=0400h-04FFh -ABANK5=0500h-05FFh -ABANK6=0600h-06FFh \
  -ABANK7=0700h-07FFh -ABANK8=0800h-08FFh -ABANK9=0900h-09FFh \
  -ABANK10=0A00h-0AFFh -ABANK11=0B00h-0BFFh -ABANK12=0C00h-0CFFh \
  -ABANK13=0D00h-0DFFh -ABANK14=0E00h-0E40h \
  -ASFR=0E41h-0EFFh,0F00h-0F5Fh,0F60h-0FFFh -ABIGSFR=0E41h-0FFFh \
  -ACONFIG=0300000h-030000Dh -AIDLOC=0200000h-0200007h \
  -AEEDATA=0F00000h-0F003FFh -peeprom_data=EEDATA \
  -preset_vec=00h,intcode=08h,intcodelo,powerup,init -pramtop=0F00h \
  -psmallconst=SMALLCONST -pmediumconst=MEDIUMCONST -pconst=CONST \
  -AFARRAM=00h-00h \
  -prdata=COMRAM,nvrram=COMRAM,nvbit=COMRAM,rbss=COMRAM,rbit=COMRAM \
  -pfarbss=FARRAM,fardata=FARRAM,nvFARRAM=FARRAM \
  -pintsave_regs=BIGRAM,bigbss=BIGRAM,bigdata=BIGRAM -pbss=RAM \
  -pidata=CODE,irdata=CODE,ibigdata=CODE,ifardata=CODE -prparam=COMRAM \
  C:\Users\e6220706\AppData\Local\Temp\xcAs230.\driver_tmp_14.o \
  dist/default/production\TP2MI.X.production.o 

Object code version is 3.11

Machine type is 18F25K80



                Name                               Link     Load   Length Selector   Space Scale
C:\Users\e6220706\AppData\Local\Temp\xcAs230.\driver_tmp_14.o
                config                           300000   300000        E        0       4
                init                                12C      12C        4        4       0
                reset_vec                             0        0        4        0       0
dist/default/production\TP2MI.X.production.o
                intcode                               8        8      124        4       0
                config                           300000   300000        E        0       4
                temp                                 5A       5A        1        1       1
                smallconst                          F00      F00       2E      780       0
                text41                             1630     1630       26      797       0
                text40                             1750     1750        6      797       0
                text39                             175C     175C        2      797       0
                text38                             174A     174A        6      797       0
                text37                             124A     124A       B0      797       0
                text36                             154C     154C       3C      797       0
                text35                             160A     160A       26      797       0
                text34                             1744     1744        6      797       0
                text33                             175A     175A        2      797       0
                text32                             173E     173E        6      797       0
                text31                             119A     119A       B0      797       0
                text30                             1510     1510       3C      797       0
                text28                             1486     1486       48      797       0
                text27                             1588     1588       32      797       0
                text26                             1734     1734        A      797       0
                text25                             172A     172A        A      797       0
                text24                             1720     1720        A      797       0
                text23                             1716     1716        A      797       0
                text22                             170C     170C        A      797       0
                text21                             136E     136E       74      797       0
                text20                             1702     1702        A      797       0
                text19                             16F8     16F8        A      797       0
                text18                             16EE     16EE        A      797       0
                text17                             16E4     16E4        A      797       0
                text16                             16DA     16DA        A      797       0
                text15                             12FA     12FA       74      797       0
                text14                             1756     1756        4      797       0
                text13                             16A0     16A0       12      797       0
                text12                             15BA     15BA       2A      797       0
                text11                             168E     168E       12      797       0
                text10                             16B2     16B2       10      797       0
                text9                              1656     1656       1E      797       0
                text8                              1434     1434       52      797       0
                text7                              16D0     16D0        A      797       0
                text6                              100E     100E       CA      797       0
                text5                              10D8     10D8       C2      797       0
                text4                              14CE     14CE       42      797       0
                text3                              1674     1674       1A      797       0
                text2                              13E2     13E2       52      797       0
                text1                              16C2     16C2        E      797       0
                text0                               F2E      F2E       E0      797       0
                cstackCOMRAM                         3C       3C       1E        1       1
                cstackBANK0                          9C       9C        4       60       1
                bssBANK0                             60       60       28       60       1
                bssCOMRAM                             1        1       3B        1       1
                cinit                              15E4     15E4       26      797       0
                nvBANK0                              88       88       14       60       1

TOTAL           Name                               Link     Load   Length     Space
        CLASS   CODE           
                intcode                               8        8      124         0
                init                                12C      12C        4         0
                reset_vec                             0        0        4         0
                text41                             1630     1630       26         0
                text40                             1750     1750        6         0
                text39                             175C     175C        2         0
                text38                             174A     174A        6         0
                text37                             124A     124A       B0         0
                text36                             154C     154C       3C         0
                text35                             160A     160A       26         0
                text34                             1744     1744        6         0
                text33                             175A     175A        2         0
                text32                             173E     173E        6         0
                text31                             119A     119A       B0         0
                text30                             1510     1510       3C         0
                text28                             1486     1486       48         0
                text27                             1588     1588       32         0
                text26                             1734     1734        A         0
                text25                             172A     172A        A         0
                text24                             1720     1720        A         0
                text23                             1716     1716        A         0
                text22                             170C     170C        A         0
                text21                             136E     136E       74         0
                text20                             1702     1702        A         0
                text19                             16F8     16F8        A         0
                text18                             16EE     16EE        A         0
                text17                             16E4     16E4        A         0
                text16                             16DA     16DA        A         0
                text15                             12FA     12FA       74         0
                text14                             1756     1756        4         0
                text13                             16A0     16A0       12         0
                text12                             15BA     15BA       2A         0
                text11                             168E     168E       12         0
                text10                             16B2     16B2       10         0
                text9                              1656     1656       1E         0
                text8                              1434     1434       52         0
                text7                              16D0     16D0        A         0
                text6                              100E     100E       CA         0
                text5                              10D8     10D8       C2         0
                text4                              14CE     14CE       42         0
                text3                              1674     1674       1A         0
                text2                              13E2     13E2       52         0
                text1                              16C2     16C2        E         0
                text0                               F2E      F2E       E0         0
                cinit                              15E4     15E4       26         0

        CLASS   CONST          

        CLASS   SMALLCONST     
                smallconst                          F00      F00       2E         0

        CLASS   MEDIUMCONST    

        CLASS   COMRAM         
                temp                                 5A       5A        1         1
                cstackCOMRAM                         3C       3C       1E         1
                bssCOMRAM                             1        1       3B         1

        CLASS   ABS1           

        CLASS   BIGRAM         

        CLASS   RAM            

        CLASS   BANK0          
                cstackBANK0                          9C       9C        4         1
                bssBANK0                             60       60       28         1
                nvBANK0                              88       88       14         1

        CLASS   BANK1          

        CLASS   BANK2          

        CLASS   BANK3          

        CLASS   BANK4          

        CLASS   BANK5          

        CLASS   BANK6          

        CLASS   BANK7          

        CLASS   BANK8          

        CLASS   BANK9          

        CLASS   BANK10         

        CLASS   BANK11         

        CLASS   BANK12         

        CLASS   BANK13         

        CLASS   BANK14         

        CLASS   SFR            

        CLASS   BIGSFR         

        CLASS   CONFIG         
                config                           300000   300000        E         4

        CLASS   IDLOC          

        CLASS   EEDATA         

        CLASS   FARRAM         

        CLASS   HEAP           

        CLASS   STACK          



SEGMENTS        Name                           Load    Length   Top    Selector   Space  Class

                reset_vec                      000000  000004  000004         0       0  CODE    
                bssCOMRAM                      000001  00005A  00005B         1       1  COMRAM  
                intcode                        000008  000128  000130         4       0  CODE    
                bssBANK0                       000060  000040  0000A0        60       1  BANK0   
                smallconst                     000F00  00002E  000F2E       780       0  SMALLCON
                text0                          000F2E  000830  00175E       797       0  CODE    


UNUSED ADDRESS RANGES

        Name                Unused          Largest block    Delta
        BANK0            0000A0-0000FF               60
        BANK1            000100-0001FF              100
        BANK10           000A00-000AFF              100
        BANK11           000B00-000BFF              100
        BANK12           000C00-000CFF              100
        BANK13           000D00-000DFF              100
        BANK14           000E00-000E40               41
        BANK2            000200-0002FF              100
        BANK3            000300-0003FF              100
        BANK4            000400-0004FF              100
        BANK5            000500-0005FF              100
        BANK6            000600-0006FF              100
        BANK7            000700-0007FF              100
        BANK8            000800-0008FF              100
        BANK9            000900-0009FF              100
        BIGRAM           00005B-00005F                5
                         0000A0-000E40              DA1
        BIGSFR           000E41-000FFF              1BF
        CODE             000004-000007                4
                         000130-000EFF              DD0
                         00175E-007FFF             68A2
        COMRAM           00005B-00005F                5
        CONST            000004-000007                4
                         000130-000EFF              DD0
                         00175E-007FFF             68A2
        EEDATA           F00000-F003FF              400
        IDLOC            200000-200007                8
        MEDIUMCONST      00175E-007FFF             68A2
        RAM              0000A0-000E40              100
        SFR              000E41-000FFF               BF
        SMALLCONST       00175E-007FFF              100

                                  Symbol Table

?_printf                                        cstackCOMRAM 000055
?_vfprintf                                      cstackCOMRAM 000050
EUSART1_Read@readValue                          cstackCOMRAM 000040
EUSART1_SetErrorHandler@interruptHandler        cstackCOMRAM 000040
EUSART1_SetFramingErrorHandler@interruptHandler cstackCOMRAM 000040
EUSART1_SetOverrunErrorHandler@interruptHandler cstackCOMRAM 000040
EUSART1_SetRxInterruptHandler@interruptHandler  cstackCOMRAM 000040
EUSART1_SetTxInterruptHandler@interruptHandler  cstackCOMRAM 000040
EUSART1_Write@txData                            cstackCOMRAM 000040
EUSART2_SetErrorHandler@interruptHandler        cstackCOMRAM 000040
EUSART2_SetFramingErrorHandler@interruptHandler cstackCOMRAM 000040
EUSART2_SetOverrunErrorHandler@interruptHandler cstackCOMRAM 000040
EUSART2_SetRxInterruptHandler@interruptHandler  cstackCOMRAM 000040
EUSART2_SetTxInterruptHandler@interruptHandler  cstackCOMRAM 000040
EUSART2_Write@txData                            cstackCOMRAM 000040
PWM2_LoadDutyValue@dutyValue                    cstackCOMRAM 000040
_ANCON0                                         (abs)        000F5D
_ANCON1                                         (abs)        000F5C
_BAUDCON1                                       (abs)        000FA7
_BAUDCON2                                       (abs)        000FB9
_CCP2CON                                        (abs)        000F50
_CCPR2H                                         (abs)        000F52
_CCPR2L                                         (abs)        000F51
_CCPTMRSbits                                    (abs)        000F99
_EUSART1_DefaultErrorHandler                    text40       001750
_EUSART1_DefaultFramingErrorHandler             text39       00175C
_EUSART1_DefaultOverrunErrorHandler             text38       00174A
_EUSART1_ErrorHandler                           nvBANK0      000092
_EUSART1_FramingErrorHandler                    nvBANK0      000096
_EUSART1_Initialize                             text21       00136E
_EUSART1_OverrunErrorHandler                    nvBANK0      000094
_EUSART1_Read                                   text28       001486
_EUSART1_Receive_ISR                            text37       00124A
_EUSART1_RxDataHandler                          text41       001630
_EUSART1_RxDefaultInterruptHandler              nvBANK0      000098
_EUSART1_SetErrorHandler                        text26       001734
_EUSART1_SetFramingErrorHandler                 text25       00172A
_EUSART1_SetOverrunErrorHandler                 text24       001720
_EUSART1_SetRxInterruptHandler                  text23       001716
_EUSART1_SetTxInterruptHandler                  text22       00170C
_EUSART1_Transmit_ISR                           text36       00154C
_EUSART1_TxDefaultInterruptHandler              nvBANK0      00009A
_EUSART1_Write                                  text8        001434
_EUSART2_DefaultErrorHandler                    text34       001744
_EUSART2_DefaultFramingErrorHandler             text33       00175A
_EUSART2_DefaultOverrunErrorHandler             text32       00173E
_EUSART2_ErrorHandler                           nvBANK0      000088
_EUSART2_FramingErrorHandler                    nvBANK0      00008C
_EUSART2_Initialize                             text15       0012FA
_EUSART2_OverrunErrorHandler                    nvBANK0      00008A
_EUSART2_Receive_ISR                            text31       00119A
_EUSART2_RxDataHandler                          text35       00160A
_EUSART2_RxDefaultInterruptHandler              nvBANK0      00008E
_EUSART2_SetErrorHandler                        text20       001702
_EUSART2_SetFramingErrorHandler                 text19       0016F8
_EUSART2_SetOverrunErrorHandler                 text18       0016EE
_EUSART2_SetRxInterruptHandler                  text17       0016E4
_EUSART2_SetTxInterruptHandler                  text16       0016DA
_EUSART2_Transmit_ISR                           text30       001510
_EUSART2_TxDefaultInterruptHandler              nvBANK0      000090
_EUSART2_Write                                  text2        0013E2
_INTCON2bits                                    (abs)        000FF1
_INTCONbits                                     (abs)        000FF2
_INTERRUPT_Initialize                           text14       001756
_INTERRUPT_InterruptManager                     intcode      000008
_LATA                                           (abs)        000F89
_LATB                                           (abs)        000F8A
_LATC                                           (abs)        000F8B
_OSCCON                                         (abs)        000FD3
_OSCCON2                                        (abs)        000FD2
_OSCILLATOR_Initialize                          text13       0016A0
_OSCTUNE                                        (abs)        000F9B
_PIE1bits                                       (abs)        000F9D
_PIE3bits                                       (abs)        000FA3
_PIN_MANAGER_Initialize                         text12       0015BA
_PIR1bits                                       (abs)        000F9E
_PIR3bits                                       (abs)        000FA4
_PR2                                            (abs)        000FCB
_PWM2_Initialize                                text11       00168E
_PWM2_LoadDutyValue                             text27       001588
_RCONbits                                       (abs)        000FD0
_RCREG1                                         (abs)        000FAE
_RCREG2                                         (abs)        000F7A
_RCSTA1                                         (abs)        000FAB
_RCSTA1bits                                     (abs)        000FAB
_RCSTA2                                         (abs)        000FA6
_RCSTA2bits                                     (abs)        000FA6
_REFOCON                                        (abs)        000F9A
_SPBRG1                                         (abs)        000FAF
_SPBRG2                                         (abs)        000F7B
_SPBRGH1                                        (abs)        000F7D
_SPBRGH2                                        (abs)        000F7C
_SYSTEM_Initialize                              text9        001656
_T2CON                                          (abs)        000FCA
_T2CONbits                                      (abs)        000FCA
_TMR2                                           (abs)        000FCC
_TMR2_Initialize                                text10       0016B2
_TRISA                                          (abs)        000F92
_TRISB                                          (abs)        000F93
_TRISC                                          (abs)        000F94
_TXREG1                                         (abs)        000FAD
_TXREG2                                         (abs)        000F79
_TXSTA1                                         (abs)        000FAC
_TXSTA1bits                                     (abs)        000FAC
_TXSTA2                                         (abs)        000FBA
_TXSTA2bits                                     (abs)        000FBA
_WPUB                                           (abs)        000F5B
__HRAM                                          (abs)        000000
__H__absolute__                                 __absolute__ 000000
__Habs1                                         abs1         000000
__Hbank0                                        bank0        000000
__Hbank1                                        bank1        000000
__Hbank10                                       bank10       000000
__Hbank11                                       bank11       000000
__Hbank12                                       bank12       000000
__Hbank13                                       bank13       000000
__Hbank14                                       bank14       000000
__Hbank2                                        bank2        000000
__Hbank3                                        bank3        000000
__Hbank4                                        bank4        000000
__Hbank5                                        bank5        000000
__Hbank6                                        bank6        000000
__Hbank7                                        bank7        000000
__Hbank8                                        bank8        000000
__Hbank9                                        bank9        000000
__Hbigbss                                       bigbss       000000
__Hbigdata                                      bigdata      000000
__Hbigram                                       bigram       000000
__Hbigsfr                                       bigsfr       000000
__Hbss                                          bss          000000
__HbssBANK0                                     bssBANK0     000000
__HbssCOMRAM                                    bssCOMRAM    000000
__Hcinit                                        cinit        000000
__Hclrtext                                      clrtext      000000
__Hcomram                                       comram       000000
__Hconfig                                       config       30000E
__Hconst                                        const        000000
__HcstackBANK0                                  cstackBANK0  000000
__HcstackCOMRAM                                 cstackCOMRAM 000000
__Hdata                                         data         000000
__Heeprom_data                                  eeprom_data  000000
__Hfarbss                                       farbss       000000
__Hfardata                                      fardata      000000
__Hheap                                         heap         000000
__Hibigdata                                     ibigdata     000000
__Hidata                                        idata        000000
__Hidloc                                        idloc        000000
__Hifardata                                     ifardata     000000
__Hinit                                         init         000130
__Hintcode                                      intcode      00012C
__Hintcode_body                                 intcode_body 000000
__Hintcodelo                                    intcodelo    00012C
__Hintentry                                     intentry     000000
__Hintret                                       intret       000000
__Hintsave_regs                                 intsave_regs 000000
__Hirdata                                       irdata       000000
__Hmediumconst                                  mediumconst  000000
__HnvBANK0                                      nvBANK0      000000
__HnvFARRAM                                     nvFARRAM     000000
__Hnvbit                                        nvbit        000000
__Hnvrram                                       nvrram       000000
__Hparam                                        rparam       000000
__Hpowerup                                      powerup      00012C
__Hram                                          ram          000000
__Hramtop                                       ramtop       000F00
__Hrbit                                         rbit         000000
__Hrbss                                         rbss         000000
__Hrdata                                        rdata        000000
__Hreset_vec                                    reset_vec    000004
__Hrparam                                       rparam       000000
__Hsfr                                          sfr          000000
__Hsmallconst                                   smallconst   000F2E
__Hspace_0                                      (abs)        00175E
__Hspace_1                                      (abs)        0000A0
__Hspace_2                                      (abs)        000000
__Hspace_4                                      (abs)        60000E
__Hstack                                        stack        000000
__Hstruct                                       struct       000000
__Htemp                                         temp         00005B
__Htext                                         text         000000
__Htext0                                        text0        000000
__Htext1                                        text1        000000
__Htext10                                       text10       000000
__Htext11                                       text11       000000
__Htext12                                       text12       000000
__Htext13                                       text13       000000
__Htext14                                       text14       000000
__Htext15                                       text15       000000
__Htext16                                       text16       000000
__Htext17                                       text17       000000
__Htext18                                       text18       000000
__Htext19                                       text19       000000
__Htext2                                        text2        000000
__Htext20                                       text20       000000
__Htext21                                       text21       000000
__Htext22                                       text22       000000
__Htext23                                       text23       000000
__Htext24                                       text24       000000
__Htext25                                       text25       000000
__Htext26                                       text26       000000
__Htext27                                       text27       000000
__Htext28                                       text28       000000
__Htext3                                        text3        000000
__Htext30                                       text30       000000
__Htext31                                       text31       000000
__Htext32                                       text32       000000
__Htext33                                       text33       000000
__Htext34                                       text34       000000
__Htext35                                       text35       000000
__Htext36                                       text36       000000
__Htext37                                       text37       000000
__Htext38                                       text38       000000
__Htext39                                       text39       000000
__Htext4                                        text4        000000
__Htext40                                       text40       000000
__Htext41                                       text41       000000
__Htext42                                       text42       000000
__Htext5                                        text5        000000
__Htext6                                        text6        000000
__Htext7                                        text7        000000
__Htext8                                        text8        000000
__Htext9                                        text9        000000
__LRAM                                          (abs)        000001
__L__absolute__                                 __absolute__ 000000
__Labs1                                         abs1         000000
__Lbank0                                        bank0        000000
__Lbank1                                        bank1        000000
__Lbank10                                       bank10       000000
__Lbank11                                       bank11       000000
__Lbank12                                       bank12       000000
__Lbank13                                       bank13       000000
__Lbank14                                       bank14       000000
__Lbank2                                        bank2        000000
__Lbank3                                        bank3        000000
__Lbank4                                        bank4        000000
__Lbank5                                        bank5        000000
__Lbank6                                        bank6        000000
__Lbank7                                        bank7        000000
__Lbank8                                        bank8        000000
__Lbank9                                        bank9        000000
__Lbigbss                                       bigbss       000000
__Lbigdata                                      bigdata      000000
__Lbigram                                       bigram       000000
__Lbigsfr                                       bigsfr       000000
__Lbss                                          bss          000000
__LbssBANK0                                     bssBANK0     000000
__LbssCOMRAM                                    bssCOMRAM    000000
__Lcinit                                        cinit        000000
__Lclrtext                                      clrtext      000000
__Lcomram                                       comram       000000
__Lconfig                                       config       000000
__Lconst                                        const        000000
__LcstackBANK0                                  cstackBANK0  000000
__LcstackCOMRAM                                 cstackCOMRAM 000000
__Ldata                                         data         000000
__Leeprom_data                                  eeprom_data  000000
__Lfarbss                                       farbss       000000
__Lfardata                                      fardata      000000
__Lheap                                         heap         000000
__Libigdata                                     ibigdata     000000
__Lidata                                        idata        000000
__Lidloc                                        idloc        000000
__Lifardata                                     ifardata     000000
__Linit                                         init         00012C
__Lintcode                                      intcode      000008
__Lintcode_body                                 intcode_body 000000
__Lintcodelo                                    intcodelo    00012C
__Lintentry                                     intentry     000000
__Lintret                                       intret       000000
__Lintsave_regs                                 intsave_regs 000000
__Lirdata                                       irdata       000000
__Lmediumconst                                  mediumconst  000000
__LnvBANK0                                      nvBANK0      000000
__LnvFARRAM                                     nvFARRAM     000000
__Lnvbit                                        nvbit        000000
__Lnvrram                                       nvrram       000000
__Lparam                                        rparam       000000
__Lpowerup                                      powerup      00012C
__Lram                                          ram          000000
__Lramtop                                       ramtop       000F00
__Lrbit                                         rbit         000000
__Lrbss                                         rbss         000000
__Lrdata                                        rdata        000000
__Lreset_vec                                    reset_vec    000000
__Lrparam                                       rparam       000000
__Lsfr                                          sfr          000000
__Lsmallconst                                   smallconst   000F00
__Lspace_0                                      (abs)        000000
__Lspace_1                                      (abs)        000000
__Lspace_2                                      (abs)        000000
__Lspace_4                                      (abs)        000000
__Lstack                                        stack        000000
__Lstruct                                       struct       000000
__Ltemp                                         temp         00005A
__Ltext                                         text         000000
__Ltext0                                        text0        000000
__Ltext1                                        text1        000000
__Ltext10                                       text10       000000
__Ltext11                                       text11       000000
__Ltext12                                       text12       000000
__Ltext13                                       text13       000000
__Ltext14                                       text14       000000
__Ltext15                                       text15       000000
__Ltext16                                       text16       000000
__Ltext17                                       text17       000000
__Ltext18                                       text18       000000
__Ltext19                                       text19       000000
__Ltext2                                        text2        000000
__Ltext20                                       text20       000000
__Ltext21                                       text21       000000
__Ltext22                                       text22       000000
__Ltext23                                       text23       000000
__Ltext24                                       text24       000000
__Ltext25                                       text25       000000
__Ltext26                                       text26       000000
__Ltext27                                       text27       000000
__Ltext28                                       text28       000000
__Ltext3                                        text3        000000
__Ltext30                                       text30       000000
__Ltext31                                       text31       000000
__Ltext32                                       text32       000000
__Ltext33                                       text33       000000
__Ltext34                                       text34       000000
__Ltext35                                       text35       000000
__Ltext36                                       text36       000000
__Ltext37                                       text37       000000
__Ltext38                                       text38       000000
__Ltext39                                       text39       000000
__Ltext4                                        text4        000000
__Ltext40                                       text40       000000
__Ltext41                                       text41       000000
__Ltext42                                       text42       000000
__Ltext5                                        text5        000000
__Ltext6                                        text6        000000
__Ltext7                                        text7        000000
__Ltext8                                        text8        000000
__Ltext9                                        text9        000000
__S0                                            (abs)        00175E
__S1                                            (abs)        0000A0
__S4                                            (abs)        000000
__S5                                            (abs)        000000
___heap_hi                                      (abs)        000000
___heap_lo                                      (abs)        000000
___inthi_sp                                     stack        000000
___inthi_stack_hi                               stack        000000
___inthi_stack_lo                               stack        000000
___intlo_sp                                     stack        000000
___intlo_stack_hi                               stack        000000
___intlo_stack_lo                               stack        000000
___param_bank                                   (abs)        000000
___rparam_used                                  (abs)        000001
___sp                                           stack        000000
___stack_hi                                     stack        000000
___stack_lo                                     stack        000000
__accesstop                                     (abs)        000060
__activetblptr                                  (abs)        000002
__end_of_EUSART1_DefaultErrorHandler            text40       001756
__end_of_EUSART1_DefaultFramingErrorHandler     text39       00175E
__end_of_EUSART1_DefaultOverrunErrorHandler     text38       001750
__end_of_EUSART1_Initialize                     text21       0013E2
__end_of_EUSART1_Read                           text28       0014CE
__end_of_EUSART1_Receive_ISR                    text37       0012FA
__end_of_EUSART1_RxDataHandler                  text41       001656
__end_of_EUSART1_SetErrorHandler                text26       00173E
__end_of_EUSART1_SetFramingErrorHandler         text25       001734
__end_of_EUSART1_SetOverrunErrorHandler         text24       00172A
__end_of_EUSART1_SetRxInterruptHandler          text23       001720
__end_of_EUSART1_SetTxInterruptHandler          text22       001716
__end_of_EUSART1_Transmit_ISR                   text36       001588
__end_of_EUSART1_Write                          text8        001486
__end_of_EUSART2_DefaultErrorHandler            text34       00174A
__end_of_EUSART2_DefaultFramingErrorHandler     text33       00175C
__end_of_EUSART2_DefaultOverrunErrorHandler     text32       001744
__end_of_EUSART2_Initialize                     text15       00136E
__end_of_EUSART2_Receive_ISR                    text31       00124A
__end_of_EUSART2_RxDataHandler                  text35       001630
__end_of_EUSART2_SetErrorHandler                text20       00170C
__end_of_EUSART2_SetFramingErrorHandler         text19       001702
__end_of_EUSART2_SetOverrunErrorHandler         text18       0016F8
__end_of_EUSART2_SetRxInterruptHandler          text17       0016EE
__end_of_EUSART2_SetTxInterruptHandler          text16       0016E4
__end_of_EUSART2_Transmit_ISR                   text30       00154C
__end_of_EUSART2_Write                          text2        001434
__end_of_INTERRUPT_Initialize                   text14       00175A
__end_of_INTERRUPT_InterruptManager             intcode      00012C
__end_of_OSCILLATOR_Initialize                  text13       0016B2
__end_of_PIN_MANAGER_Initialize                 text12       0015E4
__end_of_PWM2_Initialize                        text11       0016A0
__end_of_PWM2_LoadDutyValue                     text27       0015BA
__end_of_SYSTEM_Initialize                      text9        001674
__end_of_TMR2_Initialize                        text10       0016C2
__end_of__initialization                        cinit        0015FC
__end_of_fputc                                  text6        0010D8
__end_of_main                                   text0        00100E
__end_of_printf                                 text3        00168E
__end_of_putch                                  text7        0016DA
__end_of_vfpfcnvrt                              text5        00119A
__end_of_vfprintf                               text4        001510
__end_of_videEcran                              text1        0016D0
__initialization                                cinit        0015E4
__mediumconst                                   mediumconst  000000
__pbssBANK0                                     bssBANK0     000060
__pbssCOMRAM                                    bssCOMRAM    000001
__pcinit                                        cinit        0015E4
__pcstackBANK0                                  cstackBANK0  00009C
__pcstackCOMRAM                                 cstackCOMRAM 00003C
__pintcode                                      intcode      000008
__pnvBANK0                                      nvBANK0      000088
__psmallconst                                   smallconst   000F00
__ptext0                                        text0        000F2E
__ptext1                                        text1        0016C2
__ptext10                                       text10       0016B2
__ptext11                                       text11       00168E
__ptext12                                       text12       0015BA
__ptext13                                       text13       0016A0
__ptext14                                       text14       001756
__ptext15                                       text15       0012FA
__ptext16                                       text16       0016DA
__ptext17                                       text17       0016E4
__ptext18                                       text18       0016EE
__ptext19                                       text19       0016F8
__ptext2                                        text2        0013E2
__ptext20                                       text20       001702
__ptext21                                       text21       00136E
__ptext22                                       text22       00170C
__ptext23                                       text23       001716
__ptext24                                       text24       001720
__ptext25                                       text25       00172A
__ptext26                                       text26       001734
__ptext27                                       text27       001588
__ptext28                                       text28       001486
__ptext3                                        text3        001674
__ptext30                                       text30       001510
__ptext31                                       text31       00119A
__ptext32                                       text32       00173E
__ptext33                                       text33       00175A
__ptext34                                       text34       001744
__ptext35                                       text35       00160A
__ptext36                                       text36       00154C
__ptext37                                       text37       00124A
__ptext38                                       text38       00174A
__ptext39                                       text39       00175C
__ptext4                                        text4        0014CE
__ptext40                                       text40       001750
__ptext41                                       text41       001630
__ptext42                                       text42       000000
__ptext5                                        text5        0010D8
__ptext6                                        text6        00100E
__ptext7                                        text7        0016D0
__ptext8                                        text8        001434
__ptext9                                        text9        001656
__ramtop                                        ramtop       000F00
__smallconst                                    smallconst   000F00
_eusart1RxBuffer                                bssCOMRAM    000019
_eusart1RxCount                                 bssCOMRAM    000036
_eusart1RxHead                                  bssCOMRAM    000038
_eusart1RxLastError                             bssCOMRAM    000035
_eusart1RxStatusBuffer                          bssCOMRAM    000011
_eusart1RxTail                                  bssCOMRAM    000037
_eusart1TxBuffer                                bssCOMRAM    000021
_eusart1TxBufferRemaining                       bssCOMRAM    000039
_eusart1TxHead                                  bssCOMRAM    00003B
_eusart1TxTail                                  bssCOMRAM    00003A
_eusart2RxBuffer                                bssBANK0     000080
_eusart2RxCount                                 bssCOMRAM    00002F
_eusart2RxHead                                  bssCOMRAM    000031
_eusart2RxLastError                             bssCOMRAM    00002E
_eusart2RxStatusBuffer                          bssCOMRAM    000001
_eusart2RxTail                                  bssCOMRAM    000030
_eusart2TxBuffer                                bssCOMRAM    000009
_eusart2TxBufferRemaining                       bssCOMRAM    000032
_eusart2TxHead                                  bssCOMRAM    000034
_eusart2TxTail                                  bssCOMRAM    000033
_flags                                          bssCOMRAM    00002D
_fputc                                          text6        00100E
_main                                           text0        000F2E
_prec                                           bssCOMRAM    00002B
_printf                                         text3        001674
_putch                                          text7        0016D0
_vfpfcnvrt                                      text5        0010D8
_vfprintf                                       text4        0014CE
_videEcran                                      text1        0016C2
_width                                          bssCOMRAM    000029
btemp                                           temp         00005A
end_of_initialization                           cinit        0015FC
fputc@c                                         cstackCOMRAM 000042
fputc@fp                                        cstackCOMRAM 000044
int$flags                                       temp         00005A
intlevel0                                       text         000000
intlevel1                                       text         000000
intlevel2                                       text         000000
intlevel3                                       text         000000
isa$std                                         (abs)        000001
isa$xinst                                       (abs)        000000
main@RxData                                     cstackBANK0  00009C
main@dutyValue                                  cstackBANK0  00009E
printf@ap                                       cstackCOMRAM 000058
printf@fmt                                      cstackCOMRAM 000055
putch@txData                                    cstackCOMRAM 000041
stackhi                                         (abs)        000000
stacklo                                         (abs)        000000
start                                           init         00012C
start_initialization                            cinit        0015E4
ttemp5                                          temp         00005B
ttemp6                                          temp         00005E
ttemp7                                          temp         000062
vfpfcnvrt@ap                                    cstackCOMRAM 00004E
vfpfcnvrt@c                                     cstackCOMRAM 00004F
vfpfcnvrt@fmt                                   cstackCOMRAM 00004D
vfpfcnvrt@fp                                    cstackCOMRAM 00004B
vfprintf@ap                                     cstackCOMRAM 000053
vfprintf@cfmt                                   cstackCOMRAM 000054
vfprintf@fmt                                    cstackCOMRAM 000052
vfprintf@fp                                     cstackCOMRAM 000050
wtemp8                                          temp         00005B


MODULE INFORMATION

Module		Function		Class		Link	Load	Size
mcc_generated_files/eusart2.c
		_EUSART2_SetOverrunErrorHandler		CODE           	16EE	0000	10
		_EUSART2_SetErrorHandler		CODE           	1702	0000	10
		_EUSART2_Write 		CODE           	13E2	0000	82
		_EUSART2_Receive_ISR		CODE           	119A	0000	176
		_EUSART2_RxDataHandler		CODE           	160A	0000	38
		_EUSART2_DefaultOverrunErrorHandler		CODE           	173E	0000	6
		_EUSART2_Transmit_ISR		CODE           	1510	0000	60
		_EUSART2_DefaultFramingErrorHandler		CODE           	175A	0000	2
		_EUSART2_SetRxInterruptHandler		CODE           	16E4	0000	10
		_EUSART2_SetTxInterruptHandler		CODE           	16DA	0000	10
		_EUSART2_Initialize		CODE           	12FA	0000	116
		_EUSART2_DefaultErrorHandler		CODE           	1744	0000	6
		_EUSART2_SetFramingErrorHandler		CODE           	16F8	0000	10

mcc_generated_files/eusart2.c estimated size: 536

mcc_generated_files/tmr2.c
		_TMR2_Initialize		CODE           	16B2	0000	16

mcc_generated_files/tmr2.c estimated size: 16

mcc_generated_files/interrupt_manager.c
		_INTERRUPT_Initialize		CODE           	1756	0000	4
		_INTERRUPT_InterruptManager		CODE           	0008	0000	292

mcc_generated_files/interrupt_manager.c estimated size: 296

mcc_generated_files/pwm2.c
		_PWM2_Initialize		CODE           	168E	0000	18
		_PWM2_LoadDutyValue		CODE           	1588	0000	50

mcc_generated_files/pwm2.c estimated size: 68

mcc_generated_files/pin_manager.c
		_PIN_MANAGER_Initialize		CODE           	15BA	0000	42

mcc_generated_files/pin_manager.c estimated size: 42

C:\Program Files\Microchip\xc8\v2.45\pic\sources\c99\common\printf.c
		_printf        		CODE           	1674	0000	26

C:\Program Files\Microchip\xc8\v2.45\pic\sources\c99\common\printf.c estimated size: 26

ecran.c
		_videEcran     		CODE           	16C2	0000	14

ecran.c estimated size: 14

shared
		__initialization		CODE           	15E4	0000	24

shared estimated size: 24

mcc_generated_files/eusart1.c
		_EUSART1_SetRxInterruptHandler		CODE           	1716	0000	10
		_EUSART1_SetTxInterruptHandler		CODE           	170C	0000	10
		_EUSART1_Initialize		CODE           	136E	0000	116
		_putch         		CODE           	16D0	0000	10
		_EUSART1_DefaultErrorHandler		CODE           	1750	0000	6
		_EUSART1_SetFramingErrorHandler		CODE           	172A	0000	10
		_EUSART1_Read  		CODE           	1486	0000	72
		_EUSART1_SetOverrunErrorHandler		CODE           	1720	0000	10
		_EUSART1_SetErrorHandler		CODE           	1734	0000	10
		_EUSART1_Write 		CODE           	1434	0000	82
		_EUSART1_Receive_ISR		CODE           	124A	0000	176
		_EUSART1_RxDataHandler		CODE           	1630	0000	38
		_EUSART1_DefaultOverrunErrorHandler		CODE           	174A	0000	6
		_EUSART1_Transmit_ISR		CODE           	154C	0000	60
		_EUSART1_DefaultFramingErrorHandler		CODE           	175C	0000	2

mcc_generated_files/eusart1.c estimated size: 618

mcc_generated_files/mcc.c
		_OSCILLATOR_Initialize		CODE           	16A0	0000	18
		_SYSTEM_Initialize		CODE           	1656	0000	30

mcc_generated_files/mcc.c estimated size: 48

main.c
		_main          		CODE           	0F2E	0000	224

main.c estimated size: 224

C:\Program Files\Microchip\xc8\v2.45\pic\sources\c99\common\nf_fputc.c
		_fputc         		CODE           	100E	0000	202

C:\Program Files\Microchip\xc8\v2.45\pic\sources\c99\common\nf_fputc.c estimated size: 202

C:\Program Files\Microchip\xc8\v2.45\pic\sources\c99\common\doprnt.c
		_vfpfcnvrt     		CODE           	10D8	0000	194
		_vfprintf      		CODE           	14CE	0000	66

C:\Program Files\Microchip\xc8\v2.45\pic\sources\c99\common\doprnt.c estimated size: 260

