Microchip MPLAB XC8 Compiler V2.45

Linker command line:

-W-3 \
  --edf=C:\Program Files\Microchip\xc8\v2.45\pic\dat\20230818022343_en.msgs \
  -cn -h+dist/default/production\TP2MI.X.production.sym \
  --cmf=dist/default/production\TP2MI.X.production.cmf -z -Q18F25K80 \
  -oC:\Users\e6220706\AppData\Local\Temp\xcAsdeg.\driver_tmp_3.o \
  --defsym=__MPLAB_BUILD=1 --fixupoverflow=error \
  -Mdist/default/production/TP2MI.X.production.map \
  --md=C:\Users\e6220706\AppData\Local\Temp\xcAsdeg.\driver_tmp_0.dat -E1 \
  -ver=XC8 Compiler --acfsm=1493 -ACODE=00h-07FFFh -ACONST=00h-07FFFh \
  -ASMALLCONST=0F00h-0FFFhx113 -AMEDIUMCONST=0F00h-07FFFh -ACOMRAM=01h-05Fh \
  -AABS1=00h-0E40h -ABIGRAM=01h-0E40h \
  -ARAM=060h-0FFh,0100h-01FFhx13,0E00h-0E40h -ABANK0=060h-0FFh \
  -ABANK1=0100h-01FFh -ABANK2=0200h-02FFh -ABANK3=0300h-03FFh \
  -ABANK4=0400h-04FFh -ABANK5=0500h-05FFh -ABANK6=0600h-06FFh \
  -ABANK7=0700h-07FFh -ABANK8=0800h-08FFh -ABANK9=0900h-09FFh \
  -ABANK10=0A00h-0AFFh -ABANK11=0B00h-0BFFh -ABANK12=0C00h-0CFFh \
  -ABANK13=0D00h-0DFFh -ABANK14=0E00h-0E40h \
  -ASFR=0E41h-0EFFh,0F00h-0F5Fh,0F60h-0FFFh -ABIGSFR=0E41h-0FFFh \
  -ACONFIG=0300000h-030000Dh -AIDLOC=0200000h-0200007h \
  -AEEDATA=0F00000h-0F003FFh -peeprom_data=EEDATA \
  -preset_vec=00h,intcode=08h,intcodelo,powerup,init -pramtop=0F00h \
  -psmallconst=SMALLCONST -pmediumconst=MEDIUMCONST -pconst=CONST \
  -AFARRAM=00h-00h \
  -prdata=COMRAM,nvrram=COMRAM,nvbit=COMRAM,rbss=COMRAM,rbit=COMRAM \
  -pfarbss=FARRAM,fardata=FARRAM,nvFARRAM=FARRAM \
  -pintsave_regs=BIGRAM,bigbss=BIGRAM,bigdata=BIGRAM -pbss=RAM \
  -pidata=CODE,irdata=CODE,ibigdata=CODE,ifardata=CODE -prparam=COMRAM \
  C:\Users\e6220706\AppData\Local\Temp\xcAsdeg.\driver_tmp_9.o \
  dist/default/production\TP2MI.X.production.o 

Object code version is 3.11

Machine type is 18F25K80



                Name                               Link     Load   Length Selector   Space Scale
C:\Users\e6220706\AppData\Local\Temp\xcAsdeg.\driver_tmp_9.o
                config                           300000   300000        E        0       4
                init                                124      124        4        4       0
                reset_vec                             0        0        4        0       0
dist/default/production\TP2MI.X.production.o
                intcode                               8        8      11C        4       0
                config                           300000   300000        E        0       4
                temp                                 5B       5B        1        1       1
                smallconst                          F00      F00        2      780       0
                text35                             127E     127E       26      781       0
                text34                             13AE     13AE        6      781       0
                text33                             13BA     13BA        2      781       0
                text32                             13A8     13A8        6      781       0
                text31                              FAC      FAC       AA      781       0
                text30                             11CC     11CC       3C      781       0
                text29                             1258     1258       26      781       0
                text28                             13A2     13A2        6      781       0
                text27                             13B8     13B8        2      781       0
                text26                             139C     139C        6      781       0
                text25                              F02      F02       AA      781       0
                text24                             1190     1190       3C      781       0
                text22                             12BE     12BE       16      781       0
                text21                             132A     132A        E      781       0
                text20                             1392     1392        A      781       0
                text19                             1388     1388        A      781       0
                text18                             137E     137E        A      781       0
                text17                             1374     1374        A      781       0
                text16                             136A     136A        A      781       0
                text15                             10CA     10CA       74      781       0
                text14                             1360     1360        A      781       0
                text13                             1356     1356        A      781       0
                text12                             134C     134C        A      781       0
                text11                             1342     1342        A      781       0
                text10                             1338     1338        A      781       0
                text9                              1056     1056       74      781       0
                text8                              13B4     13B4        4      781       0
                text7                              12FA     12FA       12      781       0
                text6                              1208     1208       2A      781       0
                text5                              12E8     12E8       12      781       0
                text4                              130C     130C       10      781       0
                text3                              1232     1232       26      781       0
                text2                              113E     113E       52      781       0
                text1                              131C     131C        E      781       0
                text0                              12D4     12D4       14      781       0
                cstackCOMRAM                         55       55        6        1       1
                bssCOMRAM                             1        1       40        1       1
                cinit                              12A4     12A4       1A      781       0
                nvCOMRAM                             41       41       14        1       1

TOTAL           Name                               Link     Load   Length     Space
        CLASS   CODE           
                intcode                               8        8      11C         0
                init                                124      124        4         0
                reset_vec                             0        0        4         0
                text35                             127E     127E       26         0
                text34                             13AE     13AE        6         0
                text33                             13BA     13BA        2         0
                text32                             13A8     13A8        6         0
                text31                              FAC      FAC       AA         0
                text30                             11CC     11CC       3C         0
                text29                             1258     1258       26         0
                text28                             13A2     13A2        6         0
                text27                             13B8     13B8        2         0
                text26                             139C     139C        6         0
                text25                              F02      F02       AA         0
                text24                             1190     1190       3C         0
                text22                             12BE     12BE       16         0
                text21                             132A     132A        E         0
                text20                             1392     1392        A         0
                text19                             1388     1388        A         0
                text18                             137E     137E        A         0
                text17                             1374     1374        A         0
                text16                             136A     136A        A         0
                text15                             10CA     10CA       74         0
                text14                             1360     1360        A         0
                text13                             1356     1356        A         0
                text12                             134C     134C        A         0
                text11                             1342     1342        A         0
                text10                             1338     1338        A         0
                text9                              1056     1056       74         0
                text8                              13B4     13B4        4         0
                text7                              12FA     12FA       12         0
                text6                              1208     1208       2A         0
                text5                              12E8     12E8       12         0
                text4                              130C     130C       10         0
                text3                              1232     1232       26         0
                text2                              113E     113E       52         0
                text1                              131C     131C        E         0
                text0                              12D4     12D4       14         0
                cinit                              12A4     12A4       1A         0

        CLASS   CONST          

        CLASS   SMALLCONST     
                smallconst                          F00      F00        2         0

        CLASS   MEDIUMCONST    

        CLASS   COMRAM         
                temp                                 5B       5B        1         1
                cstackCOMRAM                         55       55        6         1
                bssCOMRAM                             1        1       40         1
                nvCOMRAM                             41       41       14         1

        CLASS   ABS1           

        CLASS   BIGRAM         

        CLASS   RAM            

        CLASS   BANK0          

        CLASS   BANK1          

        CLASS   BANK2          

        CLASS   BANK3          

        CLASS   BANK4          

        CLASS   BANK5          

        CLASS   BANK6          

        CLASS   BANK7          

        CLASS   BANK8          

        CLASS   BANK9          

        CLASS   BANK10         

        CLASS   BANK11         

        CLASS   BANK12         

        CLASS   BANK13         

        CLASS   BANK14         

        CLASS   SFR            

        CLASS   BIGSFR         

        CLASS   CONFIG         
                config                           300000   300000        E         4

        CLASS   IDLOC          

        CLASS   EEDATA         

        CLASS   FARRAM         

        CLASS   HEAP           

        CLASS   STACK          



SEGMENTS        Name                           Load    Length   Top    Selector   Space  Class

                reset_vec                      000000  000004  000004         0       0  CODE    
                bssCOMRAM                      000001  00005B  00005C         1       1  COMRAM  
                intcode                        000008  000120  000128         4       0  CODE    
                smallconst                     000F00  000002  000F02       780       0  SMALLCON
                text25                         000F02  0004BA  0013BC       781       0  CODE    


UNUSED ADDRESS RANGES

        Name                Unused          Largest block    Delta
        BANK0            000060-0000FF               A0
        BANK1            000100-0001FF              100
        BANK10           000A00-000AFF              100
        BANK11           000B00-000BFF              100
        BANK12           000C00-000CFF              100
        BANK13           000D00-000DFF              100
        BANK14           000E00-000E40               41
        BANK2            000200-0002FF              100
        BANK3            000300-0003FF              100
        BANK4            000400-0004FF              100
        BANK5            000500-0005FF              100
        BANK6            000600-0006FF              100
        BANK7            000700-0007FF              100
        BANK8            000800-0008FF              100
        BANK9            000900-0009FF              100
        BIGRAM           00005C-000E40              DE5
        BIGSFR           000E41-000FFF              1BF
        CODE             000004-000007                4
                         000128-000EFF              DD8
                         0013BC-007FFF             6C44
        COMRAM           00005C-00005F                4
        CONST            000004-000007                4
                         000128-000EFF              DD8
                         0013BC-007FFF             6C44
        EEDATA           F00000-F003FF              400
        IDLOC            200000-200007                8
        MEDIUMCONST      0013BC-007FFF             6C44
        RAM              000060-000E40              100
        SFR              000E41-000FFF               BF
        SMALLCONST       0013BC-007FFF              100

                                  Symbol Table

EUSART1_SetErrorHandler@interruptHandler        cstackCOMRAM 000059
EUSART1_SetFramingErrorHandler@interruptHandler cstackCOMRAM 000059
EUSART1_SetOverrunErrorHandler@interruptHandler cstackCOMRAM 000059
EUSART1_SetRxInterruptHandler@interruptHandler  cstackCOMRAM 000059
EUSART1_SetTxInterruptHandler@interruptHandler  cstackCOMRAM 000059
EUSART2_SetErrorHandler@interruptHandler        cstackCOMRAM 000059
EUSART2_SetFramingErrorHandler@interruptHandler cstackCOMRAM 000059
EUSART2_SetOverrunErrorHandler@interruptHandler cstackCOMRAM 000059
EUSART2_SetRxInterruptHandler@interruptHandler  cstackCOMRAM 000059
EUSART2_SetTxInterruptHandler@interruptHandler  cstackCOMRAM 000059
EUSART2_Write@txData                            cstackCOMRAM 000059
_ADCON0                                         (abs)        000FC2
_ADCON0bits                                     (abs)        000FC2
_ADCON1                                         (abs)        000FC1
_ADCON2                                         (abs)        000FC0
_ADC_Initialize                                 text22       0012BE
_ADC_InterruptHandler                           bssCOMRAM    000031
_ADRESH                                         (abs)        000FC4
_ADRESL                                         (abs)        000FC3
_ANCON0                                         (abs)        000F5D
_ANCON1                                         (abs)        000F5C
_BAUDCON1                                       (abs)        000FA7
_BAUDCON2                                       (abs)        000FB9
_CCP1CON                                        (abs)        000FBB
_CCP2CON                                        (abs)        000F50
_CCPR1H                                         (abs)        000FBD
_CCPR1L                                         (abs)        000FBC
_CCPR2H                                         (abs)        000F52
_CCPR2L                                         (abs)        000F51
_CCPTMRSbits                                    (abs)        000F99
_ECCP1_Initialize                               text21       00132A
_EUSART1_DefaultErrorHandler                    text34       0013AE
_EUSART1_DefaultFramingErrorHandler             text33       0013BA
_EUSART1_DefaultOverrunErrorHandler             text32       0013A8
_EUSART1_ErrorHandler                           nvCOMRAM     00004B
_EUSART1_FramingErrorHandler                    nvCOMRAM     00004F
_EUSART1_Initialize                             text15       0010CA
_EUSART1_OverrunErrorHandler                    nvCOMRAM     00004D
_EUSART1_Receive_ISR                            text31       000FAC
_EUSART1_RxDataHandler                          text35       00127E
_EUSART1_RxDefaultInterruptHandler              nvCOMRAM     000051
_EUSART1_SetErrorHandler                        text20       001392
_EUSART1_SetFramingErrorHandler                 text19       001388
_EUSART1_SetOverrunErrorHandler                 text18       00137E
_EUSART1_SetRxInterruptHandler                  text17       001374
_EUSART1_SetTxInterruptHandler                  text16       00136A
_EUSART1_Transmit_ISR                           text30       0011CC
_EUSART1_TxDefaultInterruptHandler              nvCOMRAM     000053
_EUSART2_DefaultErrorHandler                    text28       0013A2
_EUSART2_DefaultFramingErrorHandler             text27       0013B8
_EUSART2_DefaultOverrunErrorHandler             text26       00139C
_EUSART2_ErrorHandler                           nvCOMRAM     000041
_EUSART2_FramingErrorHandler                    nvCOMRAM     000045
_EUSART2_Initialize                             text9        001056
_EUSART2_OverrunErrorHandler                    nvCOMRAM     000043
_EUSART2_Receive_ISR                            text25       000F02
_EUSART2_RxDataHandler                          text29       001258
_EUSART2_RxDefaultInterruptHandler              nvCOMRAM     000047
_EUSART2_SetErrorHandler                        text14       001360
_EUSART2_SetFramingErrorHandler                 text13       001356
_EUSART2_SetOverrunErrorHandler                 text12       00134C
_EUSART2_SetRxInterruptHandler                  text11       001342
_EUSART2_SetTxInterruptHandler                  text10       001338
_EUSART2_Transmit_ISR                           text24       001190
_EUSART2_TxDefaultInterruptHandler              nvCOMRAM     000049
_EUSART2_Write                                  text2        00113E
_INTCON2bits                                    (abs)        000FF1
_INTCONbits                                     (abs)        000FF2
_INTERRUPT_Initialize                           text8        0013B4
_INTERRUPT_InterruptManager                     intcode      000008
_LATA                                           (abs)        000F89
_LATB                                           (abs)        000F8A
_LATC                                           (abs)        000F8B
_OSCCON                                         (abs)        000FD3
_OSCCON2                                        (abs)        000FD2
_OSCILLATOR_Initialize                          text7        0012FA
_OSCTUNE                                        (abs)        000F9B
_PIE1bits                                       (abs)        000F9D
_PIE3bits                                       (abs)        000FA3
_PIN_MANAGER_Initialize                         text6        001208
_PIR1bits                                       (abs)        000F9E
_PIR3bits                                       (abs)        000FA4
_PR2                                            (abs)        000FCB
_PWM2_Initialize                                text5        0012E8
_RCONbits                                       (abs)        000FD0
_RCREG1                                         (abs)        000FAE
_RCREG2                                         (abs)        000F7A
_RCSTA1                                         (abs)        000FAB
_RCSTA1bits                                     (abs)        000FAB
_RCSTA2                                         (abs)        000FA6
_RCSTA2bits                                     (abs)        000FA6
_REFOCON                                        (abs)        000F9A
_SPBRG1                                         (abs)        000FAF
_SPBRG2                                         (abs)        000F7B
_SPBRGH1                                        (abs)        000F7D
_SPBRGH2                                        (abs)        000F7C
_SYSTEM_Initialize                              text3        001232
_T2CON                                          (abs)        000FCA
_T2CONbits                                      (abs)        000FCA
_TMR2                                           (abs)        000FCC
_TMR2_Initialize                                text4        00130C
_TRISA                                          (abs)        000F92
_TRISB                                          (abs)        000F93
_TRISC                                          (abs)        000F94
_TXREG1                                         (abs)        000FAD
_TXREG2                                         (abs)        000F79
_TXSTA1                                         (abs)        000FAC
_TXSTA1bits                                     (abs)        000FAC
_TXSTA2                                         (abs)        000FBA
_TXSTA2bits                                     (abs)        000FBA
_WPUB                                           (abs)        000F5B
__HRAM                                          (abs)        000000
__H__absolute__                                 __absolute__ 000000
__Habs1                                         abs1         000000
__Hbank0                                        bank0        000000
__Hbank1                                        bank1        000000
__Hbank10                                       bank10       000000
__Hbank11                                       bank11       000000
__Hbank12                                       bank12       000000
__Hbank13                                       bank13       000000
__Hbank14                                       bank14       000000
__Hbank2                                        bank2        000000
__Hbank3                                        bank3        000000
__Hbank4                                        bank4        000000
__Hbank5                                        bank5        000000
__Hbank6                                        bank6        000000
__Hbank7                                        bank7        000000
__Hbank8                                        bank8        000000
__Hbank9                                        bank9        000000
__Hbigbss                                       bigbss       000000
__Hbigdata                                      bigdata      000000
__Hbigram                                       bigram       000000
__Hbigsfr                                       bigsfr       000000
__Hbss                                          bss          000000
__HbssCOMRAM                                    bssCOMRAM    000000
__Hcinit                                        cinit        000000
__Hclrtext                                      clrtext      000000
__Hcomram                                       comram       000000
__Hconfig                                       config       30000E
__Hconst                                        const        000000
__HcstackCOMRAM                                 cstackCOMRAM 000000
__Hdata                                         data         000000
__Heeprom_data                                  eeprom_data  000000
__Hfarbss                                       farbss       000000
__Hfardata                                      fardata      000000
__Hheap                                         heap         000000
__Hibigdata                                     ibigdata     000000
__Hidata                                        idata        000000
__Hidloc                                        idloc        000000
__Hifardata                                     ifardata     000000
__Hinit                                         init         000128
__Hintcode                                      intcode      000124
__Hintcode_body                                 intcode_body 000000
__Hintcodelo                                    intcodelo    000124
__Hintentry                                     intentry     000000
__Hintret                                       intret       000000
__Hintsave_regs                                 intsave_regs 000000
__Hirdata                                       irdata       000000
__Hmediumconst                                  mediumconst  000000
__HnvCOMRAM                                     nvCOMRAM     000000
__HnvFARRAM                                     nvFARRAM     000000
__Hnvbit                                        nvbit        000000
__Hnvrram                                       nvrram       000000
__Hparam                                        rparam       000000
__Hpowerup                                      powerup      000124
__Hram                                          ram          000000
__Hramtop                                       ramtop       000F00
__Hrbit                                         rbit         000000
__Hrbss                                         rbss         000000
__Hrdata                                        rdata        000000
__Hreset_vec                                    reset_vec    000004
__Hrparam                                       rparam       000000
__Hsfr                                          sfr          000000
__Hsmallconst                                   smallconst   000F02
__Hspace_0                                      (abs)        0013BC
__Hspace_1                                      (abs)        00005C
__Hspace_2                                      (abs)        000000
__Hspace_4                                      (abs)        60000E
__Hstack                                        stack        000000
__Hstruct                                       struct       000000
__Htemp                                         temp         00005C
__Htext                                         text         000000
__Htext0                                        text0        000000
__Htext1                                        text1        000000
__Htext10                                       text10       000000
__Htext11                                       text11       000000
__Htext12                                       text12       000000
__Htext13                                       text13       000000
__Htext14                                       text14       000000
__Htext15                                       text15       000000
__Htext16                                       text16       000000
__Htext17                                       text17       000000
__Htext18                                       text18       000000
__Htext19                                       text19       000000
__Htext2                                        text2        000000
__Htext20                                       text20       000000
__Htext21                                       text21       000000
__Htext22                                       text22       000000
__Htext24                                       text24       000000
__Htext25                                       text25       000000
__Htext26                                       text26       000000
__Htext27                                       text27       000000
__Htext28                                       text28       000000
__Htext29                                       text29       000000
__Htext3                                        text3        000000
__Htext30                                       text30       000000
__Htext31                                       text31       000000
__Htext32                                       text32       000000
__Htext33                                       text33       000000
__Htext34                                       text34       000000
__Htext35                                       text35       000000
__Htext36                                       text36       000000
__Htext4                                        text4        000000
__Htext5                                        text5        000000
__Htext6                                        text6        000000
__Htext7                                        text7        000000
__Htext8                                        text8        000000
__Htext9                                        text9        000000
__LRAM                                          (abs)        000001
__L__absolute__                                 __absolute__ 000000
__Labs1                                         abs1         000000
__Lbank0                                        bank0        000000
__Lbank1                                        bank1        000000
__Lbank10                                       bank10       000000
__Lbank11                                       bank11       000000
__Lbank12                                       bank12       000000
__Lbank13                                       bank13       000000
__Lbank14                                       bank14       000000
__Lbank2                                        bank2        000000
__Lbank3                                        bank3        000000
__Lbank4                                        bank4        000000
__Lbank5                                        bank5        000000
__Lbank6                                        bank6        000000
__Lbank7                                        bank7        000000
__Lbank8                                        bank8        000000
__Lbank9                                        bank9        000000
__Lbigbss                                       bigbss       000000
__Lbigdata                                      bigdata      000000
__Lbigram                                       bigram       000000
__Lbigsfr                                       bigsfr       000000
__Lbss                                          bss          000000
__LbssCOMRAM                                    bssCOMRAM    000000
__Lcinit                                        cinit        000000
__Lclrtext                                      clrtext      000000
__Lcomram                                       comram       000000
__Lconfig                                       config       000000
__Lconst                                        const        000000
__LcstackCOMRAM                                 cstackCOMRAM 000000
__Ldata                                         data         000000
__Leeprom_data                                  eeprom_data  000000
__Lfarbss                                       farbss       000000
__Lfardata                                      fardata      000000
__Lheap                                         heap         000000
__Libigdata                                     ibigdata     000000
__Lidata                                        idata        000000
__Lidloc                                        idloc        000000
__Lifardata                                     ifardata     000000
__Linit                                         init         000124
__Lintcode                                      intcode      000008
__Lintcode_body                                 intcode_body 000000
__Lintcodelo                                    intcodelo    000124
__Lintentry                                     intentry     000000
__Lintret                                       intret       000000
__Lintsave_regs                                 intsave_regs 000000
__Lirdata                                       irdata       000000
__Lmediumconst                                  mediumconst  000000
__LnvCOMRAM                                     nvCOMRAM     000000
__LnvFARRAM                                     nvFARRAM     000000
__Lnvbit                                        nvbit        000000
__Lnvrram                                       nvrram       000000
__Lparam                                        rparam       000000
__Lpowerup                                      powerup      000124
__Lram                                          ram          000000
__Lramtop                                       ramtop       000F00
__Lrbit                                         rbit         000000
__Lrbss                                         rbss         000000
__Lrdata                                        rdata        000000
__Lreset_vec                                    reset_vec    000000
__Lrparam                                       rparam       000000
__Lsfr                                          sfr          000000
__Lsmallconst                                   smallconst   000F00
__Lspace_0                                      (abs)        000000
__Lspace_1                                      (abs)        000000
__Lspace_2                                      (abs)        000000
__Lspace_4                                      (abs)        000000
__Lstack                                        stack        000000
__Lstruct                                       struct       000000
__Ltemp                                         temp         00005B
__Ltext                                         text         000000
__Ltext0                                        text0        000000
__Ltext1                                        text1        000000
__Ltext10                                       text10       000000
__Ltext11                                       text11       000000
__Ltext12                                       text12       000000
__Ltext13                                       text13       000000
__Ltext14                                       text14       000000
__Ltext15                                       text15       000000
__Ltext16                                       text16       000000
__Ltext17                                       text17       000000
__Ltext18                                       text18       000000
__Ltext19                                       text19       000000
__Ltext2                                        text2        000000
__Ltext20                                       text20       000000
__Ltext21                                       text21       000000
__Ltext22                                       text22       000000
__Ltext24                                       text24       000000
__Ltext25                                       text25       000000
__Ltext26                                       text26       000000
__Ltext27                                       text27       000000
__Ltext28                                       text28       000000
__Ltext29                                       text29       000000
__Ltext3                                        text3        000000
__Ltext30                                       text30       000000
__Ltext31                                       text31       000000
__Ltext32                                       text32       000000
__Ltext33                                       text33       000000
__Ltext34                                       text34       000000
__Ltext35                                       text35       000000
__Ltext36                                       text36       000000
__Ltext4                                        text4        000000
__Ltext5                                        text5        000000
__Ltext6                                        text6        000000
__Ltext7                                        text7        000000
__Ltext8                                        text8        000000
__Ltext9                                        text9        000000
__S0                                            (abs)        0013BC
__S1                                            (abs)        00005C
__S4                                            (abs)        000000
__S5                                            (abs)        000000
___heap_hi                                      (abs)        000000
___heap_lo                                      (abs)        000000
___inthi_sp                                     stack        000000
___inthi_stack_hi                               stack        000000
___inthi_stack_lo                               stack        000000
___intlo_sp                                     stack        000000
___intlo_stack_hi                               stack        000000
___intlo_stack_lo                               stack        000000
___param_bank                                   (abs)        000000
___rparam_used                                  (abs)        000001
___sp                                           stack        000000
___stack_hi                                     stack        000000
___stack_lo                                     stack        000000
__accesstop                                     (abs)        000060
__activetblptr                                  (abs)        000002
__end_of_ADC_Initialize                         text22       0012D4
__end_of_ECCP1_Initialize                       text21       001338
__end_of_EUSART1_DefaultErrorHandler            text34       0013B4
__end_of_EUSART1_DefaultFramingErrorHandler     text33       0013BC
__end_of_EUSART1_DefaultOverrunErrorHandler     text32       0013AE
__end_of_EUSART1_Initialize                     text15       00113E
__end_of_EUSART1_Receive_ISR                    text31       001056
__end_of_EUSART1_RxDataHandler                  text35       0012A4
__end_of_EUSART1_SetErrorHandler                text20       00139C
__end_of_EUSART1_SetFramingErrorHandler         text19       001392
__end_of_EUSART1_SetOverrunErrorHandler         text18       001388
__end_of_EUSART1_SetRxInterruptHandler          text17       00137E
__end_of_EUSART1_SetTxInterruptHandler          text16       001374
__end_of_EUSART1_Transmit_ISR                   text30       001208
__end_of_EUSART2_DefaultErrorHandler            text28       0013A8
__end_of_EUSART2_DefaultFramingErrorHandler     text27       0013BA
__end_of_EUSART2_DefaultOverrunErrorHandler     text26       0013A2
__end_of_EUSART2_Initialize                     text9        0010CA
__end_of_EUSART2_Receive_ISR                    text25       000FAC
__end_of_EUSART2_RxDataHandler                  text29       00127E
__end_of_EUSART2_SetErrorHandler                text14       00136A
__end_of_EUSART2_SetFramingErrorHandler         text13       001360
__end_of_EUSART2_SetOverrunErrorHandler         text12       001356
__end_of_EUSART2_SetRxInterruptHandler          text11       00134C
__end_of_EUSART2_SetTxInterruptHandler          text10       001342
__end_of_EUSART2_Transmit_ISR                   text24       0011CC
__end_of_EUSART2_Write                          text2        001190
__end_of_INTERRUPT_Initialize                   text8        0013B8
__end_of_INTERRUPT_InterruptManager             intcode      000124
__end_of_OSCILLATOR_Initialize                  text7        00130C
__end_of_PIN_MANAGER_Initialize                 text6        001232
__end_of_PWM2_Initialize                        text5        0012FA
__end_of_SYSTEM_Initialize                      text3        001258
__end_of_TMR2_Initialize                        text4        00131C
__end_of__initialization                        cinit        0012B0
__end_of_main                                   text0        0012E8
__end_of_videEcran                              text1        00132A
__initialization                                cinit        0012A4
__mediumconst                                   mediumconst  000000
__pbssCOMRAM                                    bssCOMRAM    000001
__pcinit                                        cinit        0012A4
__pcstackCOMRAM                                 cstackCOMRAM 000055
__pintcode                                      intcode      000008
__pnvCOMRAM                                     nvCOMRAM     000041
__psmallconst                                   smallconst   000F00
__ptext0                                        text0        0012D4
__ptext1                                        text1        00131C
__ptext10                                       text10       001338
__ptext11                                       text11       001342
__ptext12                                       text12       00134C
__ptext13                                       text13       001356
__ptext14                                       text14       001360
__ptext15                                       text15       0010CA
__ptext16                                       text16       00136A
__ptext17                                       text17       001374
__ptext18                                       text18       00137E
__ptext19                                       text19       001388
__ptext2                                        text2        00113E
__ptext20                                       text20       001392
__ptext21                                       text21       00132A
__ptext22                                       text22       0012BE
__ptext24                                       text24       001190
__ptext25                                       text25       000F02
__ptext26                                       text26       00139C
__ptext27                                       text27       0013B8
__ptext28                                       text28       0013A2
__ptext29                                       text29       001258
__ptext3                                        text3        001232
__ptext30                                       text30       0011CC
__ptext31                                       text31       000FAC
__ptext32                                       text32       0013A8
__ptext33                                       text33       0013BA
__ptext34                                       text34       0013AE
__ptext35                                       text35       00127E
__ptext36                                       text36       000000
__ptext4                                        text4        00130C
__ptext5                                        text5        0012E8
__ptext6                                        text6        001208
__ptext7                                        text7        0012FA
__ptext8                                        text8        0013B4
__ptext9                                        text9        001056
__ramtop                                        ramtop       000F00
__smallconst                                    smallconst   000F00
_eusart1RxBuffer                                bssCOMRAM    000021
_eusart1RxCount                                 bssCOMRAM    00003B
_eusart1RxHead                                  bssCOMRAM    00003D
_eusart1RxLastError                             bssCOMRAM    00003A
_eusart1RxStatusBuffer                          bssCOMRAM    000019
_eusart1RxTail                                  bssCOMRAM    00003C
_eusart1TxBuffer                                bssCOMRAM    000029
_eusart1TxBufferRemaining                       bssCOMRAM    00003E
_eusart1TxHead                                  bssCOMRAM    000040
_eusart1TxTail                                  bssCOMRAM    00003F
_eusart2RxBuffer                                bssCOMRAM    000009
_eusart2RxCount                                 bssCOMRAM    000034
_eusart2RxHead                                  bssCOMRAM    000036
_eusart2RxLastError                             bssCOMRAM    000033
_eusart2RxStatusBuffer                          bssCOMRAM    000001
_eusart2RxTail                                  bssCOMRAM    000035
_eusart2TxBuffer                                bssCOMRAM    000011
_eusart2TxBufferRemaining                       bssCOMRAM    000037
_eusart2TxHead                                  bssCOMRAM    000039
_eusart2TxTail                                  bssCOMRAM    000038
_main                                           text0        0012D4
_videEcran                                      text1        00131C
btemp                                           temp         00005B
end_of_initialization                           cinit        0012B0
int$flags                                       temp         00005B
intlevel0                                       text         000000
intlevel1                                       text         000000
intlevel2                                       text         000000
intlevel3                                       text         000000
isa$std                                         (abs)        000001
isa$xinst                                       (abs)        000000
stackhi                                         (abs)        000000
stacklo                                         (abs)        000000
start                                           init         000124
start_initialization                            cinit        0012A4
ttemp5                                          temp         00005C
ttemp6                                          temp         00005F
ttemp7                                          temp         000063
wtemp8                                          temp         00005C


MODULE INFORMATION

Module		Function		Class		Link	Load	Size
mcc_generated_files/eccp1.c
		_ECCP1_Initialize		CODE           	132A	0000	14

mcc_generated_files/eccp1.c estimated size: 14

mcc_generated_files/eusart2.c
		_EUSART2_SetOverrunErrorHandler		CODE           	134C	0000	10
		_EUSART2_SetErrorHandler		CODE           	1360	0000	10
		_EUSART2_Write 		CODE           	113E	0000	82
		_EUSART2_Receive_ISR		CODE           	0F02	0000	170
		_EUSART2_RxDataHandler		CODE           	1258	0000	38
		_EUSART2_DefaultOverrunErrorHandler		CODE           	139C	0000	6
		_EUSART2_Transmit_ISR		CODE           	1190	0000	60
		_EUSART2_DefaultFramingErrorHandler		CODE           	13B8	0000	2
		_EUSART2_SetRxInterruptHandler		CODE           	1342	0000	10
		_EUSART2_SetTxInterruptHandler		CODE           	1338	0000	10
		_EUSART2_Initialize		CODE           	1056	0000	116
		_EUSART2_DefaultErrorHandler		CODE           	13A2	0000	6
		_EUSART2_SetFramingErrorHandler		CODE           	1356	0000	10

mcc_generated_files/eusart2.c estimated size: 530

mcc_generated_files/tmr2.c
		_TMR2_Initialize		CODE           	130C	0000	16

mcc_generated_files/tmr2.c estimated size: 16

mcc_generated_files/interrupt_manager.c
		_INTERRUPT_Initialize		CODE           	13B4	0000	4
		_INTERRUPT_InterruptManager		CODE           	0008	0000	284

mcc_generated_files/interrupt_manager.c estimated size: 288

mcc_generated_files/pwm2.c
		_PWM2_Initialize		CODE           	12E8	0000	18

mcc_generated_files/pwm2.c estimated size: 18

mcc_generated_files/pin_manager.c
		_PIN_MANAGER_Initialize		CODE           	1208	0000	42

mcc_generated_files/pin_manager.c estimated size: 42

mcc_generated_files/adc.c
		_ADC_Initialize		CODE           	12BE	0000	22

mcc_generated_files/adc.c estimated size: 22

ecran.c
		_videEcran     		CODE           	131C	0000	14

ecran.c estimated size: 14

shared
		__initialization		CODE           	12A4	0000	12

shared estimated size: 12

mcc_generated_files/eusart1.c
		_EUSART1_SetRxInterruptHandler		CODE           	1374	0000	10
		_EUSART1_SetTxInterruptHandler		CODE           	136A	0000	10
		_EUSART1_Initialize		CODE           	10CA	0000	116
		_EUSART1_DefaultErrorHandler		CODE           	13AE	0000	6
		_EUSART1_SetFramingErrorHandler		CODE           	1388	0000	10
		_EUSART1_SetOverrunErrorHandler		CODE           	137E	0000	10
		_EUSART1_SetErrorHandler		CODE           	1392	0000	10
		_EUSART1_Receive_ISR		CODE           	0FAC	0000	170
		_EUSART1_RxDataHandler		CODE           	127E	0000	38
		_EUSART1_DefaultOverrunErrorHandler		CODE           	13A8	0000	6
		_EUSART1_Transmit_ISR		CODE           	11CC	0000	60
		_EUSART1_DefaultFramingErrorHandler		CODE           	13BA	0000	2

mcc_generated_files/eusart1.c estimated size: 448

mcc_generated_files/mcc.c
		_OSCILLATOR_Initialize		CODE           	12FA	0000	18
		_SYSTEM_Initialize		CODE           	1232	0000	38

mcc_generated_files/mcc.c estimated size: 56

main.c
		_main          		CODE           	12D4	0000	20

main.c estimated size: 20

