Microchip MPLAB XC8 Compiler V2.45

Linker command line:

-W-3 \
  --edf=C:\Program Files\Microchip\xc8\v2.45\pic\dat\20230818022343_en.msgs \
  -cn -h+dist/default/production\TP2_2MI.X.production.sym \
  --cmf=dist/default/production\TP2_2MI.X.production.cmf -z -Q18F25K80 \
  -oC:\Users\e6220706\AppData\Local\Temp\xcAs2d8.\driver_tmp_3.o \
  --defsym=__MPLAB_BUILD=1 --fixupoverflow=error \
  -Mdist/default/production/TP2_2MI.X.production.map \
  --md=C:\Users\e6220706\AppData\Local\Temp\xcAs2d8.\driver_tmp_0.dat -E1 \
  -ver=XC8 Compiler --acfsm=1493 -ACODE=00h-07FFFh -ACONST=00h-07FFFh \
  -ASMALLCONST=0F00h-0FFFhx113 -AMEDIUMCONST=0F00h-07FFFh -ACOMRAM=01h-05Fh \
  -AABS1=00h-0E40h -ABIGRAM=01h-0E40h \
  -ARAM=060h-0FFh,0100h-01FFhx13,0E00h-0E40h -ABANK0=060h-0FFh \
  -ABANK1=0100h-01FFh -ABANK2=0200h-02FFh -ABANK3=0300h-03FFh \
  -ABANK4=0400h-04FFh -ABANK5=0500h-05FFh -ABANK6=0600h-06FFh \
  -ABANK7=0700h-07FFh -ABANK8=0800h-08FFh -ABANK9=0900h-09FFh \
  -ABANK10=0A00h-0AFFh -ABANK11=0B00h-0BFFh -ABANK12=0C00h-0CFFh \
  -ABANK13=0D00h-0DFFh -ABANK14=0E00h-0E40h \
  -ASFR=0E41h-0EFFh,0F00h-0F5Fh,0F60h-0FFFh -ABIGSFR=0E41h-0FFFh \
  -ACONFIG=0300000h-030000Dh -AIDLOC=0200000h-0200007h \
  -AEEDATA=0F00000h-0F003FFh -peeprom_data=EEDATA \
  -preset_vec=00h,intcode=08h,intcodelo,powerup,init -pramtop=0F00h \
  -psmallconst=SMALLCONST -pmediumconst=MEDIUMCONST -pconst=CONST \
  -AFARRAM=00h-00h \
  -prdata=COMRAM,nvrram=COMRAM,nvbit=COMRAM,rbss=COMRAM,rbit=COMRAM \
  -pfarbss=FARRAM,fardata=FARRAM,nvFARRAM=FARRAM \
  -pintsave_regs=BIGRAM,bigbss=BIGRAM,bigdata=BIGRAM -pbss=RAM \
  -pidata=CODE,irdata=CODE,ibigdata=CODE,ifardata=CODE -prparam=COMRAM \
  C:\Users\e6220706\AppData\Local\Temp\xcAs2d8.\driver_tmp_14.o \
  dist/default/production\TP2_2MI.X.production.o 

Object code version is 3.11

Machine type is 18F25K80



                Name                               Link     Load   Length Selector   Space Scale
C:\Users\e6220706\AppData\Local\Temp\xcAs2d8.\driver_tmp_14.o
                config                           300000   300000        E        0       4
                init                                 D8       D8        4        4       0
                reset_vec                             0        0        4        0       0
dist/default/production\TP2_2MI.X.production.o
                intcode                               8        8       D0        4       0
                config                           300000   300000        E        0       4
                temp                                 55       55        1        1       1
                smallconst                          F00      F00       14      780       0
                text55                             3A4C     3A4C       28      78A       0
                text54                             3B4C     3B4C        E      78A       0
                text53                             3960     3960       38      78A       0
                text52                             3BB2     3BB2        2      78A       0
                text51                             39CA     39CA       30      78A       0
                text50                             3A9A     3A9A       26      78A       0
                text49                             3BA6     3BA6        6      78A       0
                text48                             3BB0     3BB0        2      78A       0
                text47                             3BA0     3BA0        6      78A       0
                text46                             332E     332E       B0      78A       0
                text45                             38B2     38B2       3C      78A       0
                text43                             3B96     3B96        A      78A       0
                text42                             3AC0     3AC0       22      78A       0
                text41                             3B8C     3B8C        A      78A       0
                text40                             3B82     3B82        A      78A       0
                text39                             3B78     3B78        A      78A       0
                text38                             3B6E     3B6E        A      78A       0
                text37                             3B64     3B64        A      78A       0
                text36                             35A2     35A2       74      78A       0
                text35                             3BAC     3BAC        4      78A       0
                text34                             3B2C     3B2C       12      78A       0
                text33                             3A24     3A24       28      78A       0
                text32                             39FA     39FA       2A      78A       0
                text31                             3AFE     3AFE       1A      78A       0
                text30                             2B0E     2B0E      1B4      78A       0
                text29                             373E     373E       52      78A       0
                text28                             3B18     3B18       14      78A       0
                text27                             225A     225A      39A      78A       0
                text26                             33DE     33DE       AA      78A       0
                text25                             3062     3062      104      78A       0
                text24                             1E30     1E30      42A      78A       0
                text23                             3928     3928       38      78A       0
                text22                             196E     196E      4C2      78A       0
                text21                             37E0     37E0       48      78A       0
                text20                             2F5C     2F5C      106      78A       0
                text19                             3166     3166       FE      78A       0
                text18                             28FC     28FC      212      78A       0
                text17                             36E8     36E8       56      78A       0
                text16                             3790     3790       50      78A       0
                text15                             3B5A     3B5A        A      78A       0
                text14                             3264     3264       CA      78A       0
                text13                             386E     386E       44      78A       0
                text12                             3616     3616       6E      78A       0
                text11                             38EE     38EE       3A      78A       0
                text10                              F14      F14      A5A      78A       0
                text9                              3A74     3A74       26      78A       0
                text8                              3488     3488       A6      78A       0
                text7                              352E     352E       74      78A       0
                text6                              3684     3684       64      78A       0
                text5                              2E30     2E30      12C      78A       0
                text4                              25F4     25F4      308      78A       0
                text3                              3828     3828       46      78A       0
                text2                              3AE2     3AE2       1C      78A       0
                text1                              3B3E     3B3E        E      78A       0
                text0                              2CC2     2CC2      16E      78A       0
                cstackCOMRAM                          1        1       4B        1       1
                cstackBANK0                          60       60       66       60       1
                bssBANK1                            100      100       50      100       1
                bssBANK0                             C6       C6       29       60       1
                bssCOMRAM                            4C       4C        9        1       1
                cinit                              3998     3998       32      78A       0
                nvBANK0                              EF       EF        C       60       1

TOTAL           Name                               Link     Load   Length     Space
        CLASS   CODE           
                intcode                               8        8       D0         0
                init                                 D8       D8        4         0
                reset_vec                             0        0        4         0
                text55                             3A4C     3A4C       28         0
                text54                             3B4C     3B4C        E         0
                text53                             3960     3960       38         0
                text52                             3BB2     3BB2        2         0
                text51                             39CA     39CA       30         0
                text50                             3A9A     3A9A       26         0
                text49                             3BA6     3BA6        6         0
                text48                             3BB0     3BB0        2         0
                text47                             3BA0     3BA0        6         0
                text46                             332E     332E       B0         0
                text45                             38B2     38B2       3C         0
                text43                             3B96     3B96        A         0
                text42                             3AC0     3AC0       22         0
                text41                             3B8C     3B8C        A         0
                text40                             3B82     3B82        A         0
                text39                             3B78     3B78        A         0
                text38                             3B6E     3B6E        A         0
                text37                             3B64     3B64        A         0
                text36                             35A2     35A2       74         0
                text35                             3BAC     3BAC        4         0
                text34                             3B2C     3B2C       12         0
                text33                             3A24     3A24       28         0
                text32                             39FA     39FA       2A         0
                text31                             3AFE     3AFE       1A         0
                text30                             2B0E     2B0E      1B4         0
                text29                             373E     373E       52         0
                text28                             3B18     3B18       14         0
                text27                             225A     225A      39A         0
                text26                             33DE     33DE       AA         0
                text25                             3062     3062      104         0
                text24                             1E30     1E30      42A         0
                text23                             3928     3928       38         0
                text22                             196E     196E      4C2         0
                text21                             37E0     37E0       48         0
                text20                             2F5C     2F5C      106         0
                text19                             3166     3166       FE         0
                text18                             28FC     28FC      212         0
                text17                             36E8     36E8       56         0
                text16                             3790     3790       50         0
                text15                             3B5A     3B5A        A         0
                text14                             3264     3264       CA         0
                text13                             386E     386E       44         0
                text12                             3616     3616       6E         0
                text11                             38EE     38EE       3A         0
                text10                              F14      F14      A5A         0
                text9                              3A74     3A74       26         0
                text8                              3488     3488       A6         0
                text7                              352E     352E       74         0
                text6                              3684     3684       64         0
                text5                              2E30     2E30      12C         0
                text4                              25F4     25F4      308         0
                text3                              3828     3828       46         0
                text2                              3AE2     3AE2       1C         0
                text1                              3B3E     3B3E        E         0
                text0                              2CC2     2CC2      16E         0
                cinit                              3998     3998       32         0

        CLASS   CONST          

        CLASS   SMALLCONST     
                smallconst                          F00      F00       14         0

        CLASS   MEDIUMCONST    

        CLASS   COMRAM         
                temp                                 55       55        1         1
                cstackCOMRAM                          1        1       4B         1
                bssCOMRAM                            4C       4C        9         1

        CLASS   ABS1           

        CLASS   BIGRAM         

        CLASS   RAM            

        CLASS   BANK0          
                cstackBANK0                          60       60       66         1
                bssBANK0                             C6       C6       29         1
                nvBANK0                              EF       EF        C         1

        CLASS   BANK1          
                bssBANK1                            100      100       50         1

        CLASS   BANK2          

        CLASS   BANK3          

        CLASS   BANK4          

        CLASS   BANK5          

        CLASS   BANK6          

        CLASS   BANK7          

        CLASS   BANK8          

        CLASS   BANK9          

        CLASS   BANK10         

        CLASS   BANK11         

        CLASS   BANK12         

        CLASS   BANK13         

        CLASS   BANK14         

        CLASS   SFR            

        CLASS   BIGSFR         

        CLASS   CONFIG         
                config                           300000   300000        E         4

        CLASS   IDLOC          

        CLASS   EEDATA         

        CLASS   FARRAM         

        CLASS   HEAP           

        CLASS   STACK          



SEGMENTS        Name                           Load    Length   Top    Selector   Space  Class

                reset_vec                      000000  000004  000004         0       0  CODE    
                cstackCOMRAM                   000001  000055  000056         1       1  COMRAM  
                intcode                        000008  0000D4  0000DC         4       0  CODE    
                cstackBANK0                    000060  00009B  0000FB        60       1  BANK0   
                bssBANK1                       000100  000050  000150       100       1  BANK1   
                smallconst                     000F00  000014  000F14       780       0  SMALLCON
                text10                         000F14  002CA0  003BB4       78A       0  CODE    


UNUSED ADDRESS RANGES

        Name                Unused          Largest block    Delta
        BANK0            0000FB-0000FF                5
        BANK1            000150-0001FF               B0
        BANK10           000A00-000AFF              100
        BANK11           000B00-000BFF              100
        BANK12           000C00-000CFF              100
        BANK13           000D00-000DFF              100
        BANK14           000E00-000E40               41
        BANK2            000200-0002FF              100
        BANK3            000300-0003FF              100
        BANK4            000400-0004FF              100
        BANK5            000500-0005FF              100
        BANK6            000600-0006FF              100
        BANK7            000700-0007FF              100
        BANK8            000800-0008FF              100
        BANK9            000900-0009FF              100
        BIGRAM           000056-00005F                A
                         0000FB-0000FF                5
                         000150-000E40              CF1
        BIGSFR           000E41-000FFF              1BF
        CODE             000004-000007                4
                         0000DC-000EFF              E24
                         003BB4-007FFF             444C
        COMRAM           000056-00005F                A
        CONST            000004-000007                4
                         0000DC-000EFF              E24
                         003BB4-007FFF             444C
        EEDATA           F00000-F003FF              400
        IDLOC            200000-200007                8
        MEDIUMCONST      003BB4-007FFF             444C
        RAM              0000FB-0000FF                5
                         000150-000E40              100
        SFR              000E41-000FFF               BF
        SMALLCONST       003BB4-007FFF              100

                                  Symbol Table

?___fladd                                       cstackCOMRAM 00003D
?___fldiv                                       cstackCOMRAM 00000B
?___flmul                                       cstackCOMRAM 000024
?___flneg                                       cstackCOMRAM 00000B
?___flsub                                       cstackBANK0  000064
?___fltol                                       cstackCOMRAM 00000B
?___fpclassifyf                                 cstackCOMRAM 00000B
?___lwdiv                                       cstackCOMRAM 00000B
?___lwmod                                       cstackCOMRAM 00000B
?___wmul                                        cstackCOMRAM 00000B
?___xxtofl                                      cstackCOMRAM 00000B
?_floorf                                        cstackCOMRAM 000024
?_labs                                          cstackCOMRAM 00000B
?_printf                                        cstackBANK0  0000B0
?_read_prec_or_width                            cstackCOMRAM 000011
?_vfprintf                                      cstackBANK0  0000AC
CCP2_CaptureISR@module                          cstackCOMRAM 000005
CCP2_SetCallBack@customCallBack                 cstackCOMRAM 00000B
CCPCapture@capturedValue                        cstackCOMRAM 000003
EUSART1_SetErrorHandler@interruptHandler        cstackCOMRAM 00000B
EUSART1_SetFramingErrorHandler@interruptHandler cstackCOMRAM 00000B
EUSART1_SetOverrunErrorHandler@interruptHandler cstackCOMRAM 00000B
EUSART1_SetRxInterruptHandler@interruptHandler  cstackCOMRAM 00000B
EUSART1_SetTxInterruptHandler@interruptHandler  cstackCOMRAM 00000B
EUSART1_Write@txData                            cstackCOMRAM 00000B
TMR1_WriteTimer@timerVal                        cstackCOMRAM 000001
_ANCON0                                         (abs)        000F5D
_ANCON1                                         (abs)        000F5C
_BAUDCON1                                       (abs)        000FA7
_CCP2CON                                        (abs)        000F50
_CCP2_CallBack                                  nvBANK0      0000EF
_CCP2_CaptureISR                                text51       0039CA
_CCP2_DefaultCallBack                           text52       003BB2
_CCP2_Initialize                                text42       003AC0
_CCP2_SetCallBack                               text43       003B96
_CCPCapture                                     text53       003960
_CCPR2H                                         (abs)        000F52
_CCPR2L                                         (abs)        000F51
_CCPTMRSbits                                    (abs)        000F99
_EUSART1_DefaultErrorHandler                    text49       003BA6
_EUSART1_DefaultFramingErrorHandler             text48       003BB0
_EUSART1_DefaultOverrunErrorHandler             text47       003BA0
_EUSART1_ErrorHandler                           nvBANK0      0000F1
_EUSART1_FramingErrorHandler                    nvBANK0      0000F5
_EUSART1_Initialize                             text36       0035A2
_EUSART1_OverrunErrorHandler                    nvBANK0      0000F3
_EUSART1_Receive_ISR                            text46       00332E
_EUSART1_RxDataHandler                          text50       003A9A
_EUSART1_RxDefaultInterruptHandler              nvBANK0      0000F7
_EUSART1_SetErrorHandler                        text41       003B8C
_EUSART1_SetFramingErrorHandler                 text40       003B82
_EUSART1_SetOverrunErrorHandler                 text39       003B78
_EUSART1_SetRxInterruptHandler                  text38       003B6E
_EUSART1_SetTxInterruptHandler                  text37       003B64
_EUSART1_Transmit_ISR                           text45       0038B2
_EUSART1_TxDefaultInterruptHandler              nvBANK0      0000F9
_EUSART1_Write                                  text29       00373E
_HighLength                                     bssBANK0     0000EC
_INTCON2bits                                    (abs)        000FF1
_INTCONbits                                     (abs)        000FF2
_INTERRUPT_Initialize                           text35       003BAC
_INTERRUPT_InterruptManager                     intcode      000008
_LATA                                           (abs)        000F89
_LATB                                           (abs)        000F8A
_LATC                                           (abs)        000F8B
_LowLength                                      bssBANK0     0000EA
_OSCCON                                         (abs)        000FD3
_OSCCON2                                        (abs)        000FD2
_OSCILLATOR_Initialize                          text34       003B2C
_OSCTUNE                                        (abs)        000F9B
_PIE1bits                                       (abs)        000F9D
_PIE3bits                                       (abs)        000FA3
_PIN_MANAGER_Initialize                         text33       003A24
_PIR1bits                                       (abs)        000F9E
_PIR3bits                                       (abs)        000FA4
_RCONbits                                       (abs)        000FD0
_RCREG1                                         (abs)        000FAE
_RCSTA1                                         (abs)        000FAB
_RCSTA1bits                                     (abs)        000FAB
_REFOCON                                        (abs)        000F9A
_SPBRG1                                         (abs)        000FAF
_SPBRGH1                                        (abs)        000F7D
_SYSTEM_Initialize                              text31       003AFE
_T1CON                                          (abs)        000FCD
_T1CONbits                                      (abs)        000FCD
_T1GCON                                         (abs)        000FAA
_T1GCONbits                                     (abs)        000FAA
_TMR1H                                          (abs)        000FCF
_TMR1L                                          (abs)        000FCE
_TMR1_Initialize                                text32       0039FA
_TMR1_Reload                                    text54       003B4C
_TMR1_WriteTimer                                text55       003A4C
_TRISA                                          (abs)        000F92
_TRISB                                          (abs)        000F93
_TRISC                                          (abs)        000F94
_TXREG1                                         (abs)        000FAD
_TXSTA1                                         (abs)        000FAC
_TXSTA1bits                                     (abs)        000FAC
_WPUB                                           (abs)        000F5B
__HRAM                                          (abs)        000000
__H__absolute__                                 __absolute__ 000000
__Habs1                                         abs1         000000
__Hbank0                                        bank0        000000
__Hbank1                                        bank1        000000
__Hbank10                                       bank10       000000
__Hbank11                                       bank11       000000
__Hbank12                                       bank12       000000
__Hbank13                                       bank13       000000
__Hbank14                                       bank14       000000
__Hbank2                                        bank2        000000
__Hbank3                                        bank3        000000
__Hbank4                                        bank4        000000
__Hbank5                                        bank5        000000
__Hbank6                                        bank6        000000
__Hbank7                                        bank7        000000
__Hbank8                                        bank8        000000
__Hbank9                                        bank9        000000
__Hbigbss                                       bigbss       000000
__Hbigdata                                      bigdata      000000
__Hbigram                                       bigram       000000
__Hbigsfr                                       bigsfr       000000
__Hbss                                          bss          000000
__HbssBANK0                                     bssBANK0     000000
__HbssBANK1                                     bssBANK1     000000
__HbssCOMRAM                                    bssCOMRAM    000000
__Hcinit                                        cinit        000000
__Hclrtext                                      clrtext      000000
__Hcomram                                       comram       000000
__Hconfig                                       config       30000E
__Hconst                                        const        000000
__HcstackBANK0                                  cstackBANK0  000000
__HcstackCOMRAM                                 cstackCOMRAM 000000
__Hdata                                         data         000000
__Heeprom_data                                  eeprom_data  000000
__Hfarbss                                       farbss       000000
__Hfardata                                      fardata      000000
__Hheap                                         heap         000000
__Hibigdata                                     ibigdata     000000
__Hidata                                        idata        000000
__Hidloc                                        idloc        000000
__Hifardata                                     ifardata     000000
__Hinit                                         init         0000DC
__Hintcode                                      intcode      0000D8
__Hintcode_body                                 intcode_body 000000
__Hintcodelo                                    intcodelo    0000D8
__Hintentry                                     intentry     000000
__Hintret                                       intret       000000
__Hintsave_regs                                 intsave_regs 000000
__Hirdata                                       irdata       000000
__Hmediumconst                                  mediumconst  000000
__HnvBANK0                                      nvBANK0      000000
__HnvFARRAM                                     nvFARRAM     000000
__Hnvbit                                        nvbit        000000
__Hnvrram                                       nvrram       000000
__Hparam                                        rparam       000000
__Hpowerup                                      powerup      0000D8
__Hram                                          ram          000000
__Hramtop                                       ramtop       000F00
__Hrbit                                         rbit         000000
__Hrbss                                         rbss         000000
__Hrdata                                        rdata        000000
__Hreset_vec                                    reset_vec    000004
__Hrparam                                       rparam       000000
__Hsfr                                          sfr          000000
__Hsmallconst                                   smallconst   000F14
__Hspace_0                                      (abs)        003BB4
__Hspace_1                                      (abs)        000150
__Hspace_2                                      (abs)        000000
__Hspace_4                                      (abs)        60000E
__Hstack                                        stack        000000
__Hstruct                                       struct       000000
__Htemp                                         temp         000056
__Htext                                         text         000000
__Htext0                                        text0        000000
__Htext1                                        text1        000000
__Htext10                                       text10       000000
__Htext11                                       text11       000000
__Htext12                                       text12       000000
__Htext13                                       text13       000000
__Htext14                                       text14       000000
__Htext15                                       text15       000000
__Htext16                                       text16       000000
__Htext17                                       text17       000000
__Htext18                                       text18       000000
__Htext19                                       text19       000000
__Htext2                                        text2        000000
__Htext20                                       text20       000000
__Htext21                                       text21       000000
__Htext22                                       text22       000000
__Htext23                                       text23       000000
__Htext24                                       text24       000000
__Htext25                                       text25       000000
__Htext26                                       text26       000000
__Htext27                                       text27       000000
__Htext28                                       text28       000000
__Htext29                                       text29       000000
__Htext3                                        text3        000000
__Htext30                                       text30       000000
__Htext31                                       text31       000000
__Htext32                                       text32       000000
__Htext33                                       text33       000000
__Htext34                                       text34       000000
__Htext35                                       text35       000000
__Htext36                                       text36       000000
__Htext37                                       text37       000000
__Htext38                                       text38       000000
__Htext39                                       text39       000000
__Htext4                                        text4        000000
__Htext40                                       text40       000000
__Htext41                                       text41       000000
__Htext42                                       text42       000000
__Htext43                                       text43       000000
__Htext45                                       text45       000000
__Htext46                                       text46       000000
__Htext47                                       text47       000000
__Htext48                                       text48       000000
__Htext49                                       text49       000000
__Htext5                                        text5        000000
__Htext50                                       text50       000000
__Htext51                                       text51       000000
__Htext52                                       text52       000000
__Htext53                                       text53       000000
__Htext54                                       text54       000000
__Htext55                                       text55       000000
__Htext56                                       text56       000000
__Htext6                                        text6        000000
__Htext7                                        text7        000000
__Htext8                                        text8        000000
__Htext9                                        text9        000000
__LRAM                                          (abs)        000001
__L__absolute__                                 __absolute__ 000000
__Labs1                                         abs1         000000
__Lbank0                                        bank0        000000
__Lbank1                                        bank1        000000
__Lbank10                                       bank10       000000
__Lbank11                                       bank11       000000
__Lbank12                                       bank12       000000
__Lbank13                                       bank13       000000
__Lbank14                                       bank14       000000
__Lbank2                                        bank2        000000
__Lbank3                                        bank3        000000
__Lbank4                                        bank4        000000
__Lbank5                                        bank5        000000
__Lbank6                                        bank6        000000
__Lbank7                                        bank7        000000
__Lbank8                                        bank8        000000
__Lbank9                                        bank9        000000
__Lbigbss                                       bigbss       000000
__Lbigdata                                      bigdata      000000
__Lbigram                                       bigram       000000
__Lbigsfr                                       bigsfr       000000
__Lbss                                          bss          000000
__LbssBANK0                                     bssBANK0     000000
__LbssBANK1                                     bssBANK1     000000
__LbssCOMRAM                                    bssCOMRAM    000000
__Lcinit                                        cinit        000000
__Lclrtext                                      clrtext      000000
__Lcomram                                       comram       000000
__Lconfig                                       config       000000
__Lconst                                        const        000000
__LcstackBANK0                                  cstackBANK0  000000
__LcstackCOMRAM                                 cstackCOMRAM 000000
__Ldata                                         data         000000
__Leeprom_data                                  eeprom_data  000000
__Lfarbss                                       farbss       000000
__Lfardata                                      fardata      000000
__Lheap                                         heap         000000
__Libigdata                                     ibigdata     000000
__Lidata                                        idata        000000
__Lidloc                                        idloc        000000
__Lifardata                                     ifardata     000000
__Linit                                         init         0000D8
__Lintcode                                      intcode      000008
__Lintcode_body                                 intcode_body 000000
__Lintcodelo                                    intcodelo    0000D8
__Lintentry                                     intentry     000000
__Lintret                                       intret       000000
__Lintsave_regs                                 intsave_regs 000000
__Lirdata                                       irdata       000000
__Lmediumconst                                  mediumconst  000000
__LnvBANK0                                      nvBANK0      000000
__LnvFARRAM                                     nvFARRAM     000000
__Lnvbit                                        nvbit        000000
__Lnvrram                                       nvrram       000000
__Lparam                                        rparam       000000
__Lpowerup                                      powerup      0000D8
__Lram                                          ram          000000
__Lramtop                                       ramtop       000F00
__Lrbit                                         rbit         000000
__Lrbss                                         rbss         000000
__Lrdata                                        rdata        000000
__Lreset_vec                                    reset_vec    000000
__Lrparam                                       rparam       000000
__Lsfr                                          sfr          000000
__Lsmallconst                                   smallconst   000F00
__Lspace_0                                      (abs)        000000
__Lspace_1                                      (abs)        000000
__Lspace_2                                      (abs)        000000
__Lspace_4                                      (abs)        000000
__Lstack                                        stack        000000
__Lstruct                                       struct       000000
__Ltemp                                         temp         000055
__Ltext                                         text         000000
__Ltext0                                        text0        000000
__Ltext1                                        text1        000000
__Ltext10                                       text10       000000
__Ltext11                                       text11       000000
__Ltext12                                       text12       000000
__Ltext13                                       text13       000000
__Ltext14                                       text14       000000
__Ltext15                                       text15       000000
__Ltext16                                       text16       000000
__Ltext17                                       text17       000000
__Ltext18                                       text18       000000
__Ltext19                                       text19       000000
__Ltext2                                        text2        000000
__Ltext20                                       text20       000000
__Ltext21                                       text21       000000
__Ltext22                                       text22       000000
__Ltext23                                       text23       000000
__Ltext24                                       text24       000000
__Ltext25                                       text25       000000
__Ltext26                                       text26       000000
__Ltext27                                       text27       000000
__Ltext28                                       text28       000000
__Ltext29                                       text29       000000
__Ltext3                                        text3        000000
__Ltext30                                       text30       000000
__Ltext31                                       text31       000000
__Ltext32                                       text32       000000
__Ltext33                                       text33       000000
__Ltext34                                       text34       000000
__Ltext35                                       text35       000000
__Ltext36                                       text36       000000
__Ltext37                                       text37       000000
__Ltext38                                       text38       000000
__Ltext39                                       text39       000000
__Ltext4                                        text4        000000
__Ltext40                                       text40       000000
__Ltext41                                       text41       000000
__Ltext42                                       text42       000000
__Ltext43                                       text43       000000
__Ltext45                                       text45       000000
__Ltext46                                       text46       000000
__Ltext47                                       text47       000000
__Ltext48                                       text48       000000
__Ltext49                                       text49       000000
__Ltext5                                        text5        000000
__Ltext50                                       text50       000000
__Ltext51                                       text51       000000
__Ltext52                                       text52       000000
__Ltext53                                       text53       000000
__Ltext54                                       text54       000000
__Ltext55                                       text55       000000
__Ltext56                                       text56       000000
__Ltext6                                        text6        000000
__Ltext7                                        text7        000000
__Ltext8                                        text8        000000
__Ltext9                                        text9        000000
__S0                                            (abs)        003BB4
__S1                                            (abs)        000150
__S4                                            (abs)        000000
__S5                                            (abs)        000000
___fladd                                        text22       00196E
___fladd@a                                      cstackCOMRAM 000041
___fladd@aexp                                   cstackBANK0  000061
___fladd@b                                      cstackCOMRAM 00003D
___fladd@bexp                                   cstackBANK0  000062
___fladd@grs                                    cstackBANK0  000063
___fladd@signs                                  cstackBANK0  000060
___fldiv                                        text27       00225A
___fldiv@a                                      cstackCOMRAM 00000F
___fldiv@aexp                                   cstackCOMRAM 000023
___fldiv@b                                      cstackCOMRAM 00000B
___fldiv@bexp                                   cstackCOMRAM 000022
___fldiv@grs                                    cstackCOMRAM 00001E
___fldiv@new_exp                                cstackCOMRAM 00001C
___fldiv@rem                                    cstackCOMRAM 000017
___fldiv@sign                                   cstackCOMRAM 00001B
___fleq                                         text26       0033DE
___fleq@ff1                                     cstackCOMRAM 00000B
___fleq@ff2                                     cstackCOMRAM 00000F
___flge                                         text25       003062
___flge@ff1                                     cstackCOMRAM 00003D
___flge@ff2                                     cstackCOMRAM 000041
___flmul                                        text24       001E30
___flmul@a                                      cstackCOMRAM 000028
___flmul@aexp                                   cstackCOMRAM 000031
___flmul@b                                      cstackCOMRAM 000024
___flmul@bexp                                   cstackCOMRAM 000036
___flmul@grs                                    cstackCOMRAM 000032
___flmul@prod                                   cstackCOMRAM 000037
___flmul@sign                                   cstackCOMRAM 000030
___flmul@temp                                   cstackCOMRAM 00003B
___flneg                                        text23       003928
___flneg@f1                                     cstackCOMRAM 00000B
___flsub                                        text21       0037E0
___flsub@a                                      cstackBANK0  000068
___flsub@b                                      cstackBANK0  000064
___fltol                                        text20       002F5C
___fltol@exp1                                   cstackCOMRAM 000014
___fltol@f1                                     cstackCOMRAM 00000B
___fltol@sign1                                  cstackCOMRAM 000013
___fpclassifyf                                  text19       003166
___fpclassifyf@F465                             bssBANK0     0000E2
___fpclassifyf@e                                cstackCOMRAM 000013
___fpclassifyf@u                                cstackCOMRAM 000015
___fpclassifyf@x                                cstackCOMRAM 00000B
___heap_hi                                      (abs)        000000
___heap_lo                                      (abs)        000000
___inthi_sp                                     stack        000000
___inthi_stack_hi                               stack        000000
___inthi_stack_lo                               stack        000000
___intlo_sp                                     stack        000000
___intlo_stack_hi                               stack        000000
___intlo_stack_lo                               stack        000000
___lwdiv                                        text7        00352E
___lwdiv@counter                                cstackCOMRAM 00000F
___lwdiv@dividend                               cstackCOMRAM 00000B
___lwdiv@divisor                                cstackCOMRAM 00000D
___lwdiv@quotient                               cstackCOMRAM 000010
___lwmod                                        text6        003684
___lwmod@counter                                cstackCOMRAM 00000F
___lwmod@dividend                               cstackCOMRAM 00000B
___lwmod@divisor                                cstackCOMRAM 00000D
___param_bank                                   (abs)        000000
___rparam_used                                  (abs)        000001
___sp                                           stack        000000
___stack_hi                                     stack        000000
___stack_lo                                     stack        000000
___wmul                                         text9        003A74
___wmul@multiplicand                            cstackCOMRAM 00000D
___wmul@multiplier                              cstackCOMRAM 00000B
___wmul@product                                 cstackCOMRAM 00000F
___xxtofl                                       text30       002B0E
___xxtofl@arg                                   cstackCOMRAM 000015
___xxtofl@exp                                   cstackCOMRAM 000014
___xxtofl@sign                                  cstackCOMRAM 000013
___xxtofl@val                                   cstackCOMRAM 00000B
__accesstop                                     (abs)        000060
__activetblptr                                  (abs)        000002
__end_of_CCP2_CaptureISR                        text51       0039FA
__end_of_CCP2_DefaultCallBack                   text52       003BB4
__end_of_CCP2_Initialize                        text42       003AE2
__end_of_CCP2_SetCallBack                       text43       003BA0
__end_of_CCPCapture                             text53       003998
__end_of_EUSART1_DefaultErrorHandler            text49       003BAC
__end_of_EUSART1_DefaultFramingErrorHandler     text48       003BB2
__end_of_EUSART1_DefaultOverrunErrorHandler     text47       003BA6
__end_of_EUSART1_Initialize                     text36       003616
__end_of_EUSART1_Receive_ISR                    text46       0033DE
__end_of_EUSART1_RxDataHandler                  text50       003AC0
__end_of_EUSART1_SetErrorHandler                text41       003B96
__end_of_EUSART1_SetFramingErrorHandler         text40       003B8C
__end_of_EUSART1_SetOverrunErrorHandler         text39       003B82
__end_of_EUSART1_SetRxInterruptHandler          text38       003B78
__end_of_EUSART1_SetTxInterruptHandler          text37       003B6E
__end_of_EUSART1_Transmit_ISR                   text45       0038EE
__end_of_EUSART1_Write                          text29       003790
__end_of_INTERRUPT_Initialize                   text35       003BB0
__end_of_INTERRUPT_InterruptManager             intcode      0000D8
__end_of_OSCILLATOR_Initialize                  text34       003B3E
__end_of_PIN_MANAGER_Initialize                 text33       003A4C
__end_of_SYSTEM_Initialize                      text31       003B18
__end_of_TMR1_Initialize                        text32       003A24
__end_of_TMR1_Reload                            text54       003B5A
__end_of_TMR1_WriteTimer                        text55       003A74
__end_of___fladd                                text22       001E30
__end_of___fldiv                                text27       0025F4
__end_of___fleq                                 text26       003488
__end_of___flge                                 text25       003166
__end_of___flmul                                text24       00225A
__end_of___flneg                                text23       003960
__end_of___flsub                                text21       003828
__end_of___fltol                                text20       003062
__end_of___fpclassifyf                          text19       003264
__end_of___lwdiv                                text7        0035A2
__end_of___lwmod                                text6        0036E8
__end_of___wmul                                 text9        003A9A
__end_of___xxtofl                               text30       002CC2
__end_of__initialization                        cinit        0039BC
__end_of_curseurPosition                        text28       003B2C
__end_of_efgtoa                                 text10       00196E
__end_of_floorf                                 text18       002B0E
__end_of_fputc                                  text14       00332E
__end_of_fputs                                  text13       0038B2
__end_of_labs                                   text17       00373E
__end_of_main                                   text0        002E30
__end_of_memcpy                                 text16       0037E0
__end_of_pad                                    text12       003684
__end_of_printf                                 text2        003AFE
__end_of_putch                                  text15       003B64
__end_of_read_prec_or_width                     text8        00352E
__end_of_strcpy                                 text11       003928
__end_of_utoa                                   text5        002F5C
__end_of_vfpfcnvrt                              text4        0028FC
__end_of_vfprintf                               text3        00386E
__end_of_videEcran                              text1        003B4C
__initialization                                cinit        003998
__mediumconst                                   mediumconst  000000
__pbssBANK0                                     bssBANK0     0000C6
__pbssBANK1                                     bssBANK1     000100
__pbssCOMRAM                                    bssCOMRAM    00004C
__pcinit                                        cinit        003998
__pcstackBANK0                                  cstackBANK0  000060
__pcstackCOMRAM                                 cstackCOMRAM 000001
__pintcode                                      intcode      000008
__pnvBANK0                                      nvBANK0      0000EF
__psmallconst                                   smallconst   000F00
__ptext0                                        text0        002CC2
__ptext1                                        text1        003B3E
__ptext10                                       text10       000F14
__ptext11                                       text11       0038EE
__ptext12                                       text12       003616
__ptext13                                       text13       00386E
__ptext14                                       text14       003264
__ptext15                                       text15       003B5A
__ptext16                                       text16       003790
__ptext17                                       text17       0036E8
__ptext18                                       text18       0028FC
__ptext19                                       text19       003166
__ptext2                                        text2        003AE2
__ptext20                                       text20       002F5C
__ptext21                                       text21       0037E0
__ptext22                                       text22       00196E
__ptext23                                       text23       003928
__ptext24                                       text24       001E30
__ptext25                                       text25       003062
__ptext26                                       text26       0033DE
__ptext27                                       text27       00225A
__ptext28                                       text28       003B18
__ptext29                                       text29       00373E
__ptext3                                        text3        003828
__ptext30                                       text30       002B0E
__ptext31                                       text31       003AFE
__ptext32                                       text32       0039FA
__ptext33                                       text33       003A24
__ptext34                                       text34       003B2C
__ptext35                                       text35       003BAC
__ptext36                                       text36       0035A2
__ptext37                                       text37       003B64
__ptext38                                       text38       003B6E
__ptext39                                       text39       003B78
__ptext4                                        text4        0025F4
__ptext40                                       text40       003B82
__ptext41                                       text41       003B8C
__ptext42                                       text42       003AC0
__ptext43                                       text43       003B96
__ptext45                                       text45       0038B2
__ptext46                                       text46       00332E
__ptext47                                       text47       003BA0
__ptext48                                       text48       003BB0
__ptext49                                       text49       003BA6
__ptext5                                        text5        002E30
__ptext50                                       text50       003A9A
__ptext51                                       text51       0039CA
__ptext52                                       text52       003BB2
__ptext53                                       text53       003960
__ptext54                                       text54       003B4C
__ptext55                                       text55       003A4C
__ptext56                                       text56       000000
__ptext6                                        text6        003684
__ptext7                                        text7        00352E
__ptext8                                        text8        003488
__ptext9                                        text9        003A74
__ramtop                                        ramtop       000F00
__smallconst                                    smallconst   000F00
_curseurPosition                                text28       003B18
_dbuf                                           bssBANK1     000100
_efgtoa                                         text10       000F14
_efgtoa$1668                                    cstackBANK0  000079
_eusart1RxBuffer                                bssBANK0     0000CE
_eusart1RxCount                                 bssCOMRAM    00004F
_eusart1RxHead                                  bssCOMRAM    000051
_eusart1RxLastError                             bssCOMRAM    00004E
_eusart1RxStatusBuffer                          bssBANK0     0000C6
_eusart1RxTail                                  bssCOMRAM    000050
_eusart1TxBuffer                                bssBANK0     0000D6
_eusart1TxBufferRemaining                       bssCOMRAM    000052
_eusart1TxHead                                  bssCOMRAM    000054
_eusart1TxTail                                  bssCOMRAM    000053
_flags                                          bssBANK0     0000EE
_floorf                                         text18       0028FC
_fputc                                          text14       003264
_fputs                                          text13       00386E
_labs                                           text17       0036E8
_main                                           text0        002CC2
_memcpy                                         text16       003790
_pad                                            text12       003616
_prec                                           bssBANK0     0000E8
_printf                                         text2        003AE2
_putch                                          text15       003B5A
_read_prec_or_width                             text8        003488
_strcpy                                         text11       0038EE
_timer1ReloadVal                                bssCOMRAM    00004C
_utoa                                           text5        002E30
_vfpfcnvrt                                      text4        0025F4
_vfprintf                                       text3        003828
_videEcran                                      text1        003B3E
_width                                          bssBANK0     0000E6
btemp                                           temp         000055
curseurPosition@position                        cstackCOMRAM 00000C
efgtoa@c                                        cstackBANK0  000072
efgtoa@d                                        cstackBANK0  00007E
efgtoa@e                                        cstackBANK0  000082
efgtoa@f                                        cstackBANK0  00006E
efgtoa@fp                                       cstackBANK0  00006C
efgtoa@g                                        cstackBANK0  000095
efgtoa@h                                        cstackBANK0  00008A
efgtoa@i                                        cstackBANK0  000092
efgtoa@l                                        cstackBANK0  00008E
efgtoa@m                                        cstackBANK0  000080
efgtoa@mode                                     cstackBANK0  00007C
efgtoa@n                                        cstackBANK0  000099
efgtoa@ne                                       cstackBANK0  000073
efgtoa@nmode                                    cstackBANK0  00007D
efgtoa@ou                                       cstackBANK0  000084
efgtoa@p                                        cstackBANK0  000075
efgtoa@pp                                       cstackBANK0  00007B
efgtoa@sign                                     cstackBANK0  000094
efgtoa@t                                        cstackBANK0  000077
efgtoa@u                                        cstackBANK0  00009B
efgtoa@w                                        cstackBANK0  000088
end_of_initialization                           cinit        0039BC
floorf@F521                                     bssBANK0     0000DE
floorf@e                                        cstackCOMRAM 000032
floorf@m                                        cstackCOMRAM 00002E
floorf@u                                        cstackCOMRAM 000034
floorf@x                                        cstackCOMRAM 000024
fputc@c                                         cstackCOMRAM 00000D
fputc@fp                                        cstackCOMRAM 00000F
fputs@c                                         cstackCOMRAM 00001A
fputs@fp                                        cstackCOMRAM 000018
fputs@i                                         cstackCOMRAM 00001B
fputs@s                                         cstackCOMRAM 000016
int$flags                                       temp         000055
intlevel0                                       text         000000
intlevel1                                       text         000000
intlevel2                                       text         000000
intlevel3                                       text         000000
isa$std                                         (abs)        000001
isa$xinst                                       (abs)        000000
labs@a                                          cstackCOMRAM 00000B
main@MDensity                                   cstackBANK0  0000C0
main@TotalLength                                cstackBANK0  0000C4
main@fHL                                        cstackBANK0  0000B8
main@fTL                                        cstackBANK0  0000BC
memcpy@d                                        cstackCOMRAM 000012
memcpy@d1                                       cstackCOMRAM 00000B
memcpy@n                                        cstackCOMRAM 00000F
memcpy@s                                        cstackCOMRAM 000014
memcpy@s1                                       cstackCOMRAM 00000D
memcpy@tmp                                      cstackCOMRAM 000011
pad@buf                                         cstackCOMRAM 00001F
pad@fp                                          cstackCOMRAM 00001D
pad@i                                           cstackCOMRAM 000024
pad@p                                           cstackCOMRAM 000021
printf@ap                                       cstackBANK0  0000B5
printf@fmt                                      cstackBANK0  0000B0
putch@txData                                    cstackCOMRAM 00000C
read_prec_or_width@ap                           cstackCOMRAM 000012
read_prec_or_width@c                            cstackCOMRAM 000013
read_prec_or_width@fmt                          cstackCOMRAM 000011
read_prec_or_width@n                            cstackCOMRAM 000014
stackhi                                         (abs)        000000
stacklo                                         (abs)        000000
start                                           init         0000D8
start_initialization                            cinit        003998
strcpy@d                                        cstackCOMRAM 00000F
strcpy@dest                                     cstackCOMRAM 00000B
strcpy@src                                      cstackCOMRAM 00000D
ttemp5                                          temp         000056
ttemp6                                          temp         000059
ttemp7                                          temp         00005D
utoa@d                                          cstackCOMRAM 000028
utoa@fp                                         cstackCOMRAM 000026
utoa@i                                          cstackCOMRAM 00002E
utoa@p                                          cstackCOMRAM 00002A
utoa@w                                          cstackCOMRAM 00002C
vfpfcnvrt@ap                                    cstackBANK0  0000A2
vfpfcnvrt@c                                     cstackBANK0  0000AA
vfpfcnvrt@convarg                               cstackBANK0  0000A6
vfpfcnvrt@cp                                    cstackBANK0  0000AB
vfpfcnvrt@done                                  cstackBANK0  0000A5
vfpfcnvrt@fmt                                   cstackBANK0  0000A1
vfpfcnvrt@fp                                    cstackBANK0  00009F
vfprintf@ap                                     cstackBANK0  0000AF
vfprintf@cfmt                                   cstackCOMRAM 00004B
vfprintf@fmt                                    cstackBANK0  0000AE
vfprintf@fp                                     cstackBANK0  0000AC
wtemp8                                          temp         000056


MODULE INFORMATION

Module		Function		Class		Link	Load	Size
C:\Program Files\Microchip\xc8\v2.45\pic\sources\c99\common\Umul16.c
		___wmul        		CODE           	3A74	0000	38

C:\Program Files\Microchip\xc8\v2.45\pic\sources\c99\common\Umul16.c estimated size: 38

C:\Program Files\Microchip\xc8\v2.45\pic\sources\c99\common\fleq.c
		___fleq        		CODE           	33DE	0000	170

C:\Program Files\Microchip\xc8\v2.45\pic\sources\c99\common\fleq.c estimated size: 170

C:\Program Files\Microchip\xc8\v2.45\pic\sources\c99\common\memcpy.c
		_memcpy        		CODE           	3790	0000	80

C:\Program Files\Microchip\xc8\v2.45\pic\sources\c99\common\memcpy.c estimated size: 80

mcc_generated_files/interrupt_manager.c
		_INTERRUPT_Initialize		CODE           	3BAC	0000	4
		_INTERRUPT_InterruptManager		CODE           	0008	0000	208

mcc_generated_files/interrupt_manager.c estimated size: 212

C:\Program Files\Microchip\xc8\v2.45\pic\sources\c99\common\flneg.c
		___flneg       		CODE           	3928	0000	56

C:\Program Files\Microchip\xc8\v2.45\pic\sources\c99\common\flneg.c estimated size: 56

mcc_generated_files/pin_manager.c
		_PIN_MANAGER_Initialize		CODE           	3A24	0000	40

mcc_generated_files/pin_manager.c estimated size: 40

C:\Program Files\Microchip\xc8\v2.45\pic\sources\c99\common\printf.c
		_printf        		CODE           	3AE2	0000	28

C:\Program Files\Microchip\xc8\v2.45\pic\sources\c99\common\printf.c estimated size: 28

C:\Program Files\Microchip\xc8\v2.45\pic\sources\c99\common\sprcmul.c
		___flmul       		CODE           	1E30	0000	1066

C:\Program Files\Microchip\xc8\v2.45\pic\sources\c99\common\sprcmul.c estimated size: 1066

C:\Program Files\Microchip\xc8\v2.45\pic\sources\c99\common\labs.c
		_labs          		CODE           	36E8	0000	86

C:\Program Files\Microchip\xc8\v2.45\pic\sources\c99\common\labs.c estimated size: 86

C:\Program Files\Microchip\xc8\v2.45\pic\sources\c99\common\nf_fputs.c
		_fputs         		CODE           	386E	0000	68

C:\Program Files\Microchip\xc8\v2.45\pic\sources\c99\common\nf_fputs.c estimated size: 68

C:\Program Files\Microchip\xc8\v2.45\pic\sources\c99\common\sprcdiv.c
		___fldiv       		CODE           	225A	0000	922

C:\Program Files\Microchip\xc8\v2.45\pic\sources\c99\common\sprcdiv.c estimated size: 922

mcc_generated_files/ccp2.c
		_CCP2_SetCallBack		CODE           	3B96	0000	10
		_CCP2_CaptureISR		CODE           	39CA	0000	48
		_CCP2_DefaultCallBack		CODE           	3BB2	0000	2
		_CCP2_Initialize		CODE           	3AC0	0000	34

mcc_generated_files/ccp2.c estimated size: 94

C:\Program Files\Microchip\xc8\v2.45\pic\sources\c99\common\floorf.c
		_floorf        		CODE           	28FC	0000	530

C:\Program Files\Microchip\xc8\v2.45\pic\sources\c99\common\floorf.c estimated size: 530

ecran.c
		_curseurPosition		CODE           	3B18	0000	20
		_videEcran     		CODE           	3B3E	0000	14

ecran.c estimated size: 34

C:\Program Files\Microchip\xc8\v2.45\pic\sources\c99\common\lwmod.c
		___lwmod       		CODE           	3684	0000	100

C:\Program Files\Microchip\xc8\v2.45\pic\sources\c99\common\lwmod.c estimated size: 100

C:\Program Files\Microchip\xc8\v2.45\pic\sources\c99\common\flge.c
		___flge        		CODE           	3062	0000	260

C:\Program Files\Microchip\xc8\v2.45\pic\sources\c99\common\flge.c estimated size: 260

shared
		__initialization		CODE           	3998	0000	36

shared estimated size: 36

mcc_generated_files/eusart1.c
		_EUSART1_SetRxInterruptHandler		CODE           	3B6E	0000	10
		_EUSART1_SetTxInterruptHandler		CODE           	3B64	0000	10
		_EUSART1_Initialize		CODE           	35A2	0000	116
		_putch         		CODE           	3B5A	0000	10
		_EUSART1_DefaultErrorHandler		CODE           	3BA6	0000	6
		_EUSART1_SetFramingErrorHandler		CODE           	3B82	0000	10
		_EUSART1_SetOverrunErrorHandler		CODE           	3B78	0000	10
		_EUSART1_SetErrorHandler		CODE           	3B8C	0000	10
		_EUSART1_Write 		CODE           	373E	0000	82
		_EUSART1_Receive_ISR		CODE           	332E	0000	176
		_EUSART1_RxDataHandler		CODE           	3A9A	0000	38
		_EUSART1_DefaultOverrunErrorHandler		CODE           	3BA0	0000	6
		_EUSART1_Transmit_ISR		CODE           	38B2	0000	60
		_EUSART1_DefaultFramingErrorHandler		CODE           	3BB0	0000	2

mcc_generated_files/eusart1.c estimated size: 546

C:\Program Files\Microchip\xc8\v2.45\pic\sources\c99\common\xxtofl.c
		___xxtofl      		CODE           	2B0E	0000	436

C:\Program Files\Microchip\xc8\v2.45\pic\sources\c99\common\xxtofl.c estimated size: 436

mcc_generated_files/mcc.c
		_OSCILLATOR_Initialize		CODE           	3B2C	0000	18
		_SYSTEM_Initialize		CODE           	3AFE	0000	26

mcc_generated_files/mcc.c estimated size: 44

C:\Program Files\Microchip\xc8\v2.45\pic\sources\c99\common\__fpclassifyf.c
		___fpclassifyf 		CODE           	3166	0000	254

C:\Program Files\Microchip\xc8\v2.45\pic\sources\c99\common\__fpclassifyf.c estimated size: 254

mcc_generated_files/tmr1.c
		_TMR1_Initialize		CODE           	39FA	0000	42
		_TMR1_Reload   		CODE           	3B4C	0000	14
		_TMR1_WriteTimer		CODE           	3A4C	0000	40

mcc_generated_files/tmr1.c estimated size: 96

C:\Program Files\Microchip\xc8\v2.45\pic\sources\c99\common\strcpy.c
		_strcpy        		CODE           	38EE	0000	58

C:\Program Files\Microchip\xc8\v2.45\pic\sources\c99\common\strcpy.c estimated size: 58

C:\Program Files\Microchip\xc8\v2.45\pic\sources\c99\common\sprcadd.c
		___flsub       		CODE           	37E0	0000	72
		___fladd       		CODE           	196E	0000	1218

C:\Program Files\Microchip\xc8\v2.45\pic\sources\c99\common\sprcadd.c estimated size: 1290

main.c
		_main          		CODE           	2CC2	0000	366
		_CCPCapture    		CODE           	3960	0000	56

main.c estimated size: 422

C:\Program Files\Microchip\xc8\v2.45\pic\sources\c99\common\nf_fputc.c
		_fputc         		CODE           	3264	0000	202

C:\Program Files\Microchip\xc8\v2.45\pic\sources\c99\common\nf_fputc.c estimated size: 202

C:\Program Files\Microchip\xc8\v2.45\pic\sources\c99\common\doprnt.c
		_read_prec_or_width		CODE           	3488	0000	166
		_vfpfcnvrt     		CODE           	25F4	0000	776
		_efgtoa        		CODE           	0F14	0000	2650
		_pad           		CODE           	3616	0000	110
		_vfprintf      		CODE           	3828	0000	70
		_utoa          		CODE           	2E30	0000	300

C:\Program Files\Microchip\xc8\v2.45\pic\sources\c99\common\doprnt.c estimated size: 4072

C:\Program Files\Microchip\xc8\v2.45\pic\sources\c99\common\lwdiv.c
		___lwdiv       		CODE           	352E	0000	116

C:\Program Files\Microchip\xc8\v2.45\pic\sources\c99\common\lwdiv.c estimated size: 116

C:\Program Files\Microchip\xc8\v2.45\pic\sources\c99\common\fltol.c
		___fltol       		CODE           	2F5C	0000	262

C:\Program Files\Microchip\xc8\v2.45\pic\sources\c99\common\fltol.c estimated size: 262

